Archive member included to satisfy reference by file (symbol)

app/libapp.a(main.c.obj)      (--whole-archive)
zephyr/libzephyr.a(cbprintf_packaged.c.obj)
                              (--whole-archive)
zephyr/libzephyr.a(crc32c_sw.c.obj)
                              (--whole-archive)
zephyr/libzephyr.a(crc32_sw.c.obj)
                              (--whole-archive)
zephyr/libzephyr.a(crc16_sw.c.obj)
                              (--whole-archive)
zephyr/libzephyr.a(crc8_sw.c.obj)
                              (--whole-archive)
zephyr/libzephyr.a(crc7_sw.c.obj)
                              (--whole-archive)
zephyr/libzephyr.a(dec.c.obj)
                              (--whole-archive)
zephyr/libzephyr.a(fdtable.c.obj)
                              (--whole-archive)
zephyr/libzephyr.a(hex.c.obj)
                              (--whole-archive)
zephyr/libzephyr.a(printk.c.obj)
                              (--whole-archive)
zephyr/libzephyr.a(rb.c.obj)  (--whole-archive)
zephyr/libzephyr.a(sem.c.obj)
                              (--whole-archive)
zephyr/libzephyr.a(thread_entry.c.obj)
                              (--whole-archive)
zephyr/libzephyr.a(timeutil.c.obj)
                              (--whole-archive)
zephyr/libzephyr.a(heap.c.obj)
                              (--whole-archive)
zephyr/libzephyr.a(heap-validate.c.obj)
                              (--whole-archive)
zephyr/libzephyr.a(bitarray.c.obj)
                              (--whole-archive)
zephyr/libzephyr.a(multi_heap.c.obj)
                              (--whole-archive)
zephyr/libzephyr.a(onoff.c.obj)
                              (--whole-archive)
zephyr/libzephyr.a(notify.c.obj)
                              (--whole-archive)
zephyr/libzephyr.a(cbprintf_complete.c.obj)
                              (--whole-archive)
zephyr/libzephyr.a(cbprintf.c.obj)
                              (--whole-archive)
zephyr/libzephyr.a(assert.c.obj)
                              (--whole-archive)
zephyr/libzephyr.a(mpsc_pbuf.c.obj)
                              (--whole-archive)
zephyr/libzephyr.a(reboot.c.obj)
                              (--whole-archive)
zephyr/libzephyr.a(configs.c.obj)
                              (--whole-archive)
zephyr/libzephyr.a(soc_nrf_common.S.obj)
                              (--whole-archive)
zephyr/libzephyr.a(validate_base_addresses.c.obj)
                              (--whole-archive)
zephyr/libzephyr.a(validate_enabled_instances.c.obj)
                              (--whole-archive)
zephyr/libzephyr.a(log_core.c.obj)
                              (--whole-archive)
zephyr/libzephyr.a(log_mgmt.c.obj)
                              (--whole-archive)
zephyr/libzephyr.a(log_cache.c.obj)
                              (--whole-archive)
zephyr/libzephyr.a(log_msg.c.obj)
                              (--whole-archive)
zephyr/libzephyr.a(log_output.c.obj)
                              (--whole-archive)
zephyr/libzephyr.a(log_backend_rtt.c.obj)
                              (--whole-archive)
zephyr/libzephyr.a(log_backend_uart.c.obj)
                              (--whole-archive)
zephyr/libzephyr.a(pm.c.obj)  (--whole-archive)
zephyr/libzephyr.a(policy.c.obj)
                              (--whole-archive)
zephyr/libzephyr.a(state.c.obj)
                              (--whole-archive)
zephyr/libzephyr.a(tracing_none.c.obj)
                              (--whole-archive)
zephyr/libzephyr.a(nrf_cc3xx_platform_abort_zephyr.c.obj)
                              (--whole-archive)
zephyr/libzephyr.a(nrf_cc3xx_platform_mutex_zephyr.c.obj)
                              (--whole-archive)
zephyr/arch/common/libarch__common.a(sw_isr_common.c.obj)
                              (--whole-archive)
zephyr/arch/arch/arm/core/aarch32/libarch__arm__core__aarch32.a(cpu_idle.S.obj)
                              (--whole-archive)
zephyr/arch/arch/arm/core/aarch32/libarch__arm__core__aarch32.a(fatal.c.obj)
                              (--whole-archive)
zephyr/arch/arch/arm/core/aarch32/libarch__arm__core__aarch32.a(irq_manage.c.obj)
                              (--whole-archive)
zephyr/arch/arch/arm/core/aarch32/libarch__arm__core__aarch32.a(nmi.c.obj)
                              (--whole-archive)
zephyr/arch/arch/arm/core/aarch32/libarch__arm__core__aarch32.a(nmi_on_reset.S.obj)
                              (--whole-archive)
zephyr/arch/arch/arm/core/aarch32/libarch__arm__core__aarch32.a(prep_c.c.obj)
                              (--whole-archive)
zephyr/arch/arch/arm/core/aarch32/libarch__arm__core__aarch32.a(swap.c.obj)
                              (--whole-archive)
zephyr/arch/arch/arm/core/aarch32/libarch__arm__core__aarch32.a(swap_helper.S.obj)
                              (--whole-archive)
zephyr/arch/arch/arm/core/aarch32/libarch__arm__core__aarch32.a(thread.c.obj)
                              (--whole-archive)
zephyr/arch/arch/arm/core/aarch32/libarch__arm__core__aarch32.a(isr_wrapper.S.obj)
[...]
Memory Configuration

Name             Origin             Length             Attributes
FLASH            0x0000000000000000 0x0000000000100000 xr
RAM              0x0000000020000000 0x0000000000040000 xw
IDT_LIST         0x00000000fffff7ff 0x0000000000000800 xw
*default*        0x0000000000000000 0xffffffffffffffff

Linker script and memory map

LOAD zephyr/CMakeFiles/zephyr_final.dir/misc/empty_file.c.obj
LOAD zephyr/CMakeFiles/zephyr_final.dir/dev_handles.c.obj
LOAD zephyr/CMakeFiles/zephyr_final.dir/isr_tables.c.obj
                0x0000000000000020                _region_min_align = 0x20

.rel.plt        0x0000000000000000        0x0
 *(SORT_BY_ALIGNMENT(.rel.plt))
                [!provide]                        PROVIDE (__rel_iplt_start = .)
 *(SORT_BY_ALIGNMENT(.rel.iplt))
 .rel.iplt      0x0000000000000000        0x0 zephyr/CMakeFiles/zephyr_final.dir/isr_tables.c.obj
                [!provide]                        PROVIDE (__rel_iplt_end = .)

.rela.plt       0x0000000000000000        0x0
 *(SORT_BY_ALIGNMENT(.rela.plt))
                [!provide]                        PROVIDE (__rela_iplt_start = .)
 *(SORT_BY_ALIGNMENT(.rela.iplt))
                [!provide]                        PROVIDE (__rela_iplt_end = .)

.rel.dyn
 *(SORT_BY_ALIGNMENT(.rel.*))

.rela.dyn
 *(SORT_BY_ALIGNMENT(.rela.*))

/DISCARD/
 *(SORT_BY_ALIGNMENT(.plt))

/DISCARD/
 *(SORT_BY_ALIGNMENT(.iplt))
                0x0000000000000000                __rom_region_start = 0x0

rom_start       0x0000000000000000      0x100
                0x0000000000000000                . = 0x0
                0x0000000000000000                . = ALIGN (0x4)
                0x0000000000000000                . = ALIGN (0x80)
                0x0000000000000000                . = ALIGN (0x100)
                0x0000000000000000                _vector_start = .
 *(SORT_BY_ALIGNMENT(.exc_vector_table))
 *(SORT_BY_ALIGNMENT(.exc_vector_table.*))
 .exc_vector_table._vector_table_section
                0x0000000000000000       0x40 zephyr/arch/arch/arm/core/aarch32/cortex_m/libarch__arm__core__aarch32__cortex_m.a(vector_table.S.obj)
                0x0000000000000000                _vector_table
 *(SORT_BY_ALIGNMENT(.vectors))
                0x0000000000000100                _vector_end = .
                0x0000000000000040                . = ALIGN (0x4)
 *(SORT_BY_ALIGNMENT(.gnu.linkonce.irq_vector_table*))
 .gnu.linkonce.irq_vector_table
                0x0000000000000040       0xc0 zephyr/CMakeFiles/zephyr_final.dir/isr_tables.c.obj
                0x0000000000000040                _irq_vector_table
                0x0000000000000100                _vector_end = .

text            0x0000000000000100    0x14518
                0x0000000000000100                __text_region_start = .
 *(SORT_BY_ALIGNMENT(.text))
 .text          0x0000000000000100       0xa0 /opt/nordic/ncs/toolchains/v2.2.0/opt/zephyr-sdk/arm-zephyr-eabi/bin/../lib/gcc/arm-zephyr-eabi/12.1.0/thumb/v7e-m/nofp/libgcc.a(_aeabi_ldivmod.o)
                0x0000000000000100                __aeabi_ldivmod
 .text          0x00000000000001a0       0x30 /opt/nordic/ncs/toolchains/v2.2.0/opt/zephyr-sdk/arm-zephyr-eabi/bin/../lib/gcc/arm-zephyr-eabi/12.1.0/thumb/v7e-m/nofp/libgcc.a(_aeabi_uldivmod.o)
                0x00000000000001a0                __aeabi_uldivmod
 .text          0x00000000000001d0        0x4 /opt/nordic/ncs/toolchains/v2.2.0/opt/zephyr-sdk/arm-zephyr-eabi/bin/../lib/gcc/arm-zephyr-eabi/12.1.0/thumb/v7e-m/nofp/libgcc.a(_dvmd_tls.o)
                0x00000000000001d0                __aeabi_ldiv0
                0x00000000000001d0                __aeabi_idiv0
 .text          0x00000000000001d4       0x68 /opt/nordic/ncs/v2.2.0/nrfxlib/mpsl/lib/cortex-m4/soft-float/libmpsl.a(libmpsl_debug_soft__obfuscated.elf)
                0x00000000000001d4                sym_JBMIQXYLJQQB56KLSIZ2WVKBMEMRZHLRBGLEPTA
 .text          0x000000000000023c       0x2c /opt/nordic/ncs/v2.2.0/nrfxlib/mpsl/lib/cortex-m4/soft-float/libmpsl.a(libmpsl_debug_soft__obfuscated.elf)
                0x000000000000023c                mpsl_tx_power_radio_supported_power_adjust
 .text          0x0000000000000268       0x40 /opt/nordic/ncs/v2.2.0/nrfxlib/mpsl/lib/cortex-m4/soft-float/libmpsl.a(libmpsl_debug_soft__obfuscated.elf)
                0x0000000000000268                sym_QLJBNB55XHXGY3EZ4W3ZZ3U6AVPE2YGDOXRUZSQ
 .text          0x00000000000002a8        0xc /opt/nordic/ncs/v2.2.0/nrfxlib/mpsl/lib/cortex-m4/soft-float/libmpsl.a(libmpsl_debug_soft__obfuscated.elf)
                0x00000000000002a8                sym_SKFSQME5SGNPYLL7B75KY7PHXFYWSRI2HSTT45A
 .text          0x00000000000002b4       0x1c /opt/nordic/ncs/v2.2.0/nrfxlib/mpsl/lib/cortex-m4/soft-float/libmpsl.a(libmpsl_debug_soft__obfuscated.elf)
                0x00000000000002b4                sym_4RNEPYYQOFM4LAOGLN2TB27X7L3XBISTGAWYOHQ
 .text          0x00000000000002d0       0x40 /opt/nordic/ncs/v2.2.0/nrfxlib/mpsl/lib/cortex-m4/soft-float/libmpsl.a(libmpsl_debug_soft__obfuscated.elf)
                0x00000000000002d0                MPSL_IRQ_RADIO_Handler
 .text          0x0000000000000310       0x78 /opt/nordic/ncs/v2.2.0/nrfxlib/mpsl/lib/cortex-m4/soft-float/libmpsl.a(libmpsl_debug_soft__obfuscated.elf)
 .text          0x0000000000000388      0x370 /opt/nordic/ncs/v2.2.0/nrfxlib/mpsl/lib/cortex-m4/soft-float/libmpsl.a(libmpsl_debug_soft__obfuscated.elf)
 .text          0x00000000000006f8      0x144 /opt/nordic/ncs/v2.2.0/nrfxlib/mpsl/lib/cortex-m4/soft-float/libmpsl.a(libmpsl_debug_soft__obfuscated.elf)
 .text          0x000000000000083c      0x510 /opt/nordic/ncs/v2.2.0/nrfxlib/mpsl/lib/cortex-m4/soft-float/libmpsl.a(libmpsl_debug_soft__obfuscated.elf)
 .text          0x0000000000000d4c      0x2c4 /opt/nordic/ncs/v2.2.0/nrfxlib/mpsl/lib/cortex-m4/soft-float/libmpsl.a(libmpsl_debug_soft__obfuscated.elf)
 .text          0x0000000000001010       0x8c /opt/nordic/ncs/v2.2.0/nrfxlib/mpsl/lib/cortex-m4/soft-float/libmpsl.a(libmpsl_debug_soft__obfuscated.elf)
 .text          0x000000000000109c       0xd8 /opt/nordic/ncs/v2.2.0/nrfxlib/mpsl/lib/cortex-m4/soft-float/libmpsl.a(libmpsl_debug_soft__obfuscated.elf)
 .text          0x0000000000001174       0x64 /opt/nordic/ncs/v2.2.0/nrfxlib/mpsl/lib/cortex-m4/soft-float/libmpsl.a(libmpsl_debug_soft__obfuscated.elf)
 .text          0x00000000000011d8      0x17c /opt/nordic/ncs/v2.2.0/nrfxlib/mpsl/lib/cortex-m4/soft-float/libmpsl.a(libmpsl_debug_soft__obfuscated.elf)
 .text          0x0000000000001354      0x1bc /opt/nordic/ncs/v2.2.0/nrfxlib/mpsl/lib/cortex-m4/soft-float/libmpsl.a(libmpsl_debug_soft__obfuscated.elf)
                0x0000000000001354                sym_QWOE5H22ZADGJX5JSROW7BOI32Z6PPEEJCISNOQ
 .text          0x0000000000001510       0x98 /opt/nordic/ncs/v2.2.0/nrfxlib/mpsl/lib/cortex-m4/soft-float/libmpsl.a(libmpsl_debug_soft__obfuscated.elf)
                0x0000000000001510                sym_FWJGAV6HUABGKXBT6K4XJ76WZDWHK3EOQOQRNOI
 .text          0x00000000000015a8      0x1bc /opt/nordic/ncs/v2.2.0/nrfxlib/mpsl/lib/cortex-m4/soft-float/libmpsl.a(libmpsl_debug_soft__obfuscated.elf)
                0x00000000000015a8                sym_J5F7QGRFPKMLWRNSXZXS5YI7BM4DUTISCOASCOA
 .text          0x0000000000001764      0x3e4 /opt/nordic/ncs/v2.2.0/nrfxlib/mpsl/lib/cortex-m4/soft-float/libmpsl.a(libmpsl_debug_soft__obfuscated.elf)
                0x0000000000001764                sym_NFDFVOR5BUFND4TNTGYIYR4ARXJRXWSQ4PVFUKY
 .text          0x0000000000001b48       0x50 /opt/nordic/ncs/v2.2.0/nrfxlib/mpsl/lib/cortex-m4/soft-float/libmpsl.a(libmpsl_debug_soft__obfuscated.elf)
                0x0000000000001b48                sym_RPHL2J7CVNKM6GKLDIFI4NVAPZE2FHTYW4VJSJI
 .text          0x0000000000001b98      0x234 /opt/nordic/ncs/v2.2.0/nrfxlib/mpsl/lib/cortex-m4/soft-float/libmpsl.a(libmpsl_debug_soft__obfuscated.elf)
                0x0000000000001b98                sym_SFR5TVV24PZRIRC5QGOHL2X436PUHKRY2QWKP5Y
 .text          0x0000000000001dcc      0x11c /opt/nordic/ncs/v2.2.0/nrfxlib/mpsl/lib/cortex-m4/soft-float/libmpsl.a(libmpsl_debug_soft__obfuscated.elf)
                0x0000000000001dcc                sym_URFU24FFGR2HYB6CCPIPKPNZNMTWHKDYOATUJNY
 .text          0x0000000000001ee8       0x80 /opt/nordic/ncs/v2.2.0/nrfxlib/mpsl/lib/cortex-m4/soft-float/libmpsl.a(libmpsl_debug_soft__obfuscated.elf)
                0x0000000000001ee8                sym_ZC6NJBPUISWILQK6OTOBMJVVUT63JRIDGH5WNCY
 .text          0x0000000000001f68       0x38 /opt/nordic/ncs/v2.2.0/nrfxlib/mpsl/lib/cortex-m4/soft-float/libmpsl.a(libmpsl_debug_soft__obfuscated.elf)
                0x0000000000001f68                sym_PITJNQC6YSCEFAH23N5QRORZDKCSKOAUGBUS6GA
 .text          0x0000000000001fa0       0x5c /opt/nordic/ncs/v2.2.0/nrfxlib/mpsl/lib/cortex-m4/soft-float/libmpsl.a(libmpsl_debug_soft__obfuscated.elf)
                0x0000000000001fa0                sym_AOU55ZK756JLPLCLZ5TZSSVKOAWWFUNQZATBXUI
 .text          0x0000000000001ffc      0x114 /opt/nordic/ncs/v2.2.0/nrfxlib/mpsl/lib/cortex-m4/soft-float/libmpsl.a(libmpsl_debug_soft__obfuscated.elf)
                0x0000000000001ffc                MPSL_IRQ_RTC0_Handler
 .text          0x0000000000002110      0x100 /opt/nordic/ncs/v2.2.0/nrfxlib/mpsl/lib/cortex-m4/soft-float/libmpsl.a(libmpsl_debug_soft__obfuscated.elf)
                0x0000000000002110                MPSL_IRQ_TIMER0_Handler
 .text          0x0000000000002210       0x64 /opt/nordic/ncs/v2.2.0/nrfxlib/mpsl/lib/cortex-m4/soft-float/libmpsl.a(libmpsl_debug_soft__obfuscated.elf)
 .text          0x0000000000002274        0xc /opt/nordic/ncs/v2.2.0/nrfxlib/mpsl/lib/cortex-m4/soft-float/libmpsl.a(libmpsl_debug_soft__obfuscated.elf)
                0x0000000000002274                sym_M4DIQOXJAE3BNHQBIUCZXAABSM24CWUEJOCU7DY
 .text          0x0000000000002280       0x40 /opt/nordic/ncs/v2.2.0/nrfxlib/mpsl/lib/cortex-m4/soft-float/libmpsl.a(libmpsl_debug_soft__obfuscated.elf)
                0x0000000000002280                sym_ER2LFPTHTSYOYONJR4JS5HXOBOW2Y522PSIGIAQ
 .text          0x00000000000022c0      0x140 /opt/nordic/ncs/v2.2.0/nrfxlib/mpsl/lib/cortex-m4/soft-float/libmpsl.a(libmpsl_debug_soft__obfuscated.elf)
                0x00000000000022c0                sym_2ZDZA75WOMRNSQ6XL7IZWAQKYFFSRJOGBGKPTIQ
 .text          0x0000000000002400       0xc4 /opt/nordic/ncs/v2.2.0/nrfxlib/mpsl/lib/cortex-m4/soft-float/libmpsl.a(libmpsl_debug_soft__obfuscated.elf)
                0x0000000000002400                sym_UGOJA475OXR5HR5WFINUK27HP5BRGNWCZXQLKDI
 .text          0x00000000000024c4        0xc /opt/nordic/ncs/v2.2.0/nrfxlib/mpsl/lib/cortex-m4/soft-float/libmpsl.a(libmpsl_debug_soft__obfuscated.elf)
                0x00000000000024c4                sym_RUQO26WM5KVVEW7O3OHCXPO7LLLXRBDPIPSWIWY
 .text          0x00000000000024d0       0xfc /opt/nordic/ncs/v2.2.0/nrfxlib/mpsl/lib/cortex-m4/soft-float/libmpsl.a(libmpsl_debug_soft__obfuscated.elf)
                0x00000000000024d0                sym_QUBGY7RMPG7R5F6DVNURH4AVGDAWMK46YXU4DRA
 .text          0x00000000000025cc      0x16c /opt/nordic/ncs/v2.2.0/nrfxlib/mpsl/lib/cortex-m4/soft-float/libmpsl.a(libmpsl_debug_soft__obfuscated.elf)
                0x00000000000025cc                sym_X2K67YH6UCW6TFK6NTLPZZFGWYHTTPZYK5PXHNQ
 .text          0x0000000000002738       0xe0 /opt/nordic/ncs/v2.2.0/nrfxlib/mpsl/lib/cortex-m4/soft-float/libmpsl.a(libmpsl_debug_soft__obfuscated.elf)
                0x0000000000002738                sym_TSYEIN5CZPQE3YK6VECZD5C2M4LMXKKH6O7LNAY
 .text          0x0000000000002818       0xa8 /opt/nordic/ncs/v2.2.0/nrfxlib/mpsl/lib/cortex-m4/soft-float/libmpsl.a(libmpsl_debug_soft__obfuscated.elf)
                0x0000000000002818                sym_OLTN5HGCU3P74AJAQRGNYBUXASUKWF3RI2Q3H5Q
 .text          0x00000000000028c0       0x90 /opt/nordic/ncs/v2.2.0/nrfxlib/mpsl/lib/cortex-m4/soft-float/libmpsl.a(libmpsl_debug_soft__obfuscated.elf)
                0x00000000000028c0                sym_3SK52U5TD4ACVVYKWS6UI6ZPWKSLV6BW5IGCPJI
 .text          0x0000000000002950       0x28 /opt/nordic/ncs/v2.2.0/nrfxlib/mpsl/lib/cortex-m4/soft-float/libmpsl.a(libmpsl_debug_soft__obfuscated.elf)
                0x0000000000002950                sym_52O7VXVVZYQGD3Z6C3FDJLGBNMQQ6XC5LJ3IFRQ
 .text          0x0000000000002978       0x14 /opt/nordic/ncs/v2.2.0/nrfxlib/mpsl/lib/cortex-m4/soft-float/libmpsl.a(libmpsl_debug_soft__obfuscated.elf)
                0x0000000000002978                sym_7TCBS6SSQW4V3WJBKAXLOSA2HN4KF7UYAM2QFKI
 .text          0x000000000000298c        0xc /opt/nordic/ncs/v2.2.0/nrfxlib/mpsl/lib/cortex-m4/soft-float/libmpsl.a(libmpsl_debug_soft__obfuscated.elf)
                0x000000000000298c                sym_HUWGHJMM42MANQTSVL3EY7E3VE4XM4JTQUIQAII
 .text          0x0000000000002998       0x14 /opt/nordic/ncs/v2.2.0/nrfxlib/mpsl/lib/cortex-m4/soft-float/libmpsl.a(libmpsl_debug_soft__obfuscated.elf)
                0x0000000000002998                sym_3RLTHYPNUGF2GJUCXUGLNFS6UK7UWZOBB6PWVDI
 .text          0x00000000000029ac       0x10 /opt/nordic/ncs/v2.2.0/nrfxlib/mpsl/lib/cortex-m4/soft-float/libmpsl.a(libmpsl_debug_soft__obfuscated.elf)
                0x00000000000029ac                sym_476ZEBCLN4VRBESFX6B7F6TMVQVNPVCGXRXSHHY
 .text          0x00000000000029bc       0x64 /opt/nordic/ncs/v2.2.0/nrfxlib/mpsl/lib/cortex-m4/soft-float/libmpsl.a(libmpsl_debug_soft__obfuscated.elf)
                0x00000000000029bc                MPSL_IRQ_CLOCK_Handler
 .text          0x0000000000002a20       0x24 /opt/nordic/ncs/v2.2.0/nrfxlib/mpsl/lib/cortex-m4/soft-float/libmpsl.a(libmpsl_debug_soft__obfuscated.elf)
 .text          0x0000000000002a44       0x34 /opt/nordic/ncs/v2.2.0/nrfxlib/mpsl/lib/cortex-m4/soft-float/libmpsl.a(libmpsl_debug_soft__obfuscated.elf)
 .text          0x0000000000002a78       0x50 /opt/nordic/ncs/v2.2.0/nrfxlib/mpsl/lib/cortex-m4/soft-float/libmpsl.a(libmpsl_debug_soft__obfuscated.elf)
 .text          0x0000000000002ac8       0xc8 /opt/nordic/ncs/v2.2.0/nrfxlib/mpsl/lib/cortex-m4/soft-float/libmpsl.a(libmpsl_debug_soft__obfuscated.elf)
 .text          0x0000000000002b90      0x198 /opt/nordic/ncs/v2.2.0/nrfxlib/mpsl/lib/cortex-m4/soft-float/libmpsl.a(libmpsl_debug_soft__obfuscated.elf)
 .text          0x0000000000002d28        0xc /opt/nordic/ncs/v2.2.0/nrfxlib/mpsl/lib/cortex-m4/soft-float/libmpsl.a(libmpsl_debug_soft__obfuscated.elf)
                0x0000000000002d28                sym_MGDULS4U2D5VQ5NBLZDC7UTSC6O3GJASJZPQJ2Q
 .text          0x0000000000002d34       0x38 /opt/nordic/ncs/v2.2.0/nrfxlib/mpsl/lib/cortex-m4/soft-float/libmpsl.a(libmpsl_debug_soft__obfuscated.elf)
                0x0000000000002d34                sym_AF5XKA2WT4DMFZTLKHOBWE7E2EZAMLDDFPQGGTQ
 .text          0x0000000000002d6c       0x28 /opt/nordic/ncs/v2.2.0/nrfxlib/mpsl/lib/cortex-m4/soft-float/libmpsl.a(libmpsl_debug_soft__obfuscated.elf)
                0x0000000000002d6c                sym_PEUB6CZG5CWXXD4M2S6OVBXZGDFOG4XII7USUDQ
 .text          0x0000000000002d94       0x1c /opt/nordic/ncs/v2.2.0/nrfxlib/mpsl/lib/cortex-m4/soft-float/libmpsl.a(libmpsl_debug_soft__obfuscated.elf)
                0x0000000000002d94                mpsl_clock_hfclk_release
 .text          0x0000000000002db0       0x38 /opt/nordic/ncs/v2.2.0/nrfxlib/mpsl/lib/cortex-m4/soft-float/libmpsl.a(libmpsl_debug_soft__obfuscated.elf)
                0x0000000000002db0                mpsl_clock_hfclk_request
 .text          0x0000000000002de8       0xa4 /opt/nordic/ncs/v2.2.0/nrfxlib/mpsl/lib/cortex-m4/soft-float/libmpsl.a(libmpsl_debug_soft__obfuscated.elf)
                0x0000000000002de8                sym_FYHKZOVAJN6VDDHY43FT7PF4YLRDHWRTEWHFG6I
 .text          0x0000000000002e8c       0x10 /opt/nordic/ncs/v2.2.0/nrfxlib/mpsl/lib/cortex-m4/soft-float/libmpsl.a(libmpsl_debug_soft__obfuscated.elf)
                0x0000000000002e8c                sym_4CZSFTTT34WDYFZKE2NSCSVSYLPHLZYN7QUTGHY
 .text          0x0000000000002e9c       0x84 /opt/nordic/ncs/v2.2.0/nrfxlib/mpsl/lib/cortex-m4/soft-float/libmpsl.a(libmpsl_debug_soft__obfuscated.elf)
                0x0000000000002e9c                sym_A4JUKJUCTJV55V2WD6TXU63VO5GAMB4XA4EE56Q
 .text          0x0000000000002f20       0x18 /opt/nordic/ncs/v2.2.0/nrfxlib/mpsl/lib/cortex-m4/soft-float/libmpsl.a(libmpsl_debug_soft__obfuscated.elf)
                0x0000000000002f20                sym_4PX37LW4KIUYQZ73JWLPH5GAGIRWAKTV3E6F62Q
 .text          0x0000000000002f38        0xc /opt/nordic/ncs/v2.2.0/nrfxlib/mpsl/lib/cortex-m4/soft-float/libmpsl.a(libmpsl_debug_soft__obfuscated.elf)
                0x0000000000002f38                sym_PIRI3CTIHOPR5MPDQRHBJRRZEA2NVOD4J3GXGOA
 .text          0x0000000000002f44       0x1c /opt/nordic/ncs/v2.2.0/nrfxlib/mpsl/lib/cortex-m4/soft-float/libmpsl.a(libmpsl_debug_soft__obfuscated.elf)
                0x0000000000002f44                sym_LIY23QT3GHIV7NCGJ6ZW6LB2ZUSI56CIFCL6HUY
 .text          0x0000000000002f60       0x18 /opt/nordic/ncs/v2.2.0/nrfxlib/mpsl/lib/cortex-m4/soft-float/libmpsl.a(libmpsl_debug_soft__obfuscated.elf)
                0x0000000000002f60                sym_XK3TMLCZALCYYWGULGHQIRSOBMPIIPJ7HEMOZIQ
 .text          0x0000000000002f78       0x10 /opt/nordic/ncs/v2.2.0/nrfxlib/mpsl/lib/cortex-m4/soft-float/libmpsl.a(libmpsl_debug_soft__obfuscated.elf)
                0x0000000000002f78                sym_7BUNPUBNWNFVXXIMNFFNK765OVON5LBIUZ66QRI
 .text          0x0000000000002f88       0x30 /opt/nordic/ncs/v2.2.0/nrfxlib/mpsl/lib/cortex-m4/soft-float/libmpsl.a(libmpsl_debug_soft__obfuscated.elf)
 .text          0x0000000000002fb8       0x24 /opt/nordic/ncs/v2.2.0/nrfxlib/mpsl/lib/cortex-m4/soft-float/libmpsl.a(libmpsl_debug_soft__obfuscated.elf)
 .text          0x0000000000002fdc       0x14 /opt/nordic/ncs/v2.2.0/nrfxlib/mpsl/lib/cortex-m4/soft-float/libmpsl.a(libmpsl_debug_soft__obfuscated.elf)
                0x0000000000002fdc                sym_4JLKMM32SOXCP6XBYAWZDUIMUJIYXLKKDBOFLHI
 .text          0x0000000000002ff0       0x20 /opt/nordic/ncs/v2.2.0/nrfxlib/mpsl/lib/cortex-m4/soft-float/libmpsl.a(libmpsl_debug_soft__obfuscated.elf)
 .text          0x0000000000003010       0x24 /opt/nordic/ncs/v2.2.0/nrfxlib/mpsl/lib/cortex-m4/soft-float/libmpsl.a(libmpsl_debug_soft__obfuscated.elf)
 .text          0x0000000000003034       0x48 /opt/nordic/ncs/v2.2.0/nrfxlib/mpsl/lib/cortex-m4/soft-float/libmpsl.a(libmpsl_debug_soft__obfuscated.elf)
                0x0000000000003034                sym_S2UAPMFVIQXDUOA6CV7GJMB33TYHEUH5D6LHO5Q
 .text          0x000000000000307c       0x70 /opt/nordic/ncs/v2.2.0/nrfxlib/mpsl/lib/cortex-m4/soft-float/libmpsl.a(libmpsl_debug_soft__obfuscated.elf)
                0x000000000000307c                mpsl_init
 .text          0x00000000000030ec       0x24 /opt/nordic/ncs/v2.2.0/nrfxlib/mpsl/lib/cortex-m4/soft-float/libmpsl.a(libmpsl_debug_soft__obfuscated.elf)
                0x00000000000030ec                sym_XR32KBBIVYD5OVRJM2RBQ57EGCCM2C3F5IY6OHQ
 .text          0x0000000000003110       0x84 /opt/nordic/ncs/v2.2.0/nrfxlib/mpsl/lib/cortex-m4/soft-float/libmpsl.a(libmpsl_debug_soft__obfuscated.elf)
                0x0000000000003110                mpsl_temperature_get
 .text          0x0000000000003194       0x3c /opt/nordic/ncs/v2.2.0/nrfxlib/mpsl/lib/cortex-m4/soft-float/libmpsl.a(libmpsl_debug_soft__obfuscated.elf)
                0x0000000000003194                sym_W7ROFHNOSDKPIRUKDGIZZ5YR3MC3DAM2YLJOUIA
 .text          0x00000000000031d0       0x38 /opt/nordic/ncs/v2.2.0/nrfxlib/mpsl/lib/cortex-m4/soft-float/libmpsl.a(libmpsl_debug_soft__obfuscated.elf)
                0x00000000000031d0                sym_GURZ3AH6X65RGSKYMYNWZVP6HM56LA5MRAQWT6Q
 .text          0x0000000000003208       0x48 /opt/nordic/ncs/v2.2.0/nrfxlib/mpsl/lib/cortex-m4/soft-float/libmpsl.a(libmpsl_debug_soft__obfuscated.elf)
                0x0000000000003208                sym_VWGRUQT3LYZHLYS5KJ7UOCJEHLDJTWH4RVJBGKQ
 .text          0x0000000000003250       0x2c /opt/nordic/ncs/v2.2.0/nrfxlib/mpsl/lib/cortex-m4/soft-float/libmpsl.a(libmpsl_debug_soft__obfuscated.elf)
                0x0000000000003250                sym_4WL3TG4Q7RCTFEMPQ2CQTOL4PAKUULDPJUM5DTY
 .text          0x000000000000327c       0x60 /opt/nordic/ncs/v2.2.0/nrfxlib/mpsl/lib/cortex-m4/soft-float/libmpsl.a(libmpsl_debug_soft__obfuscated.elf)
                0x000000000000327c                sym_PAD7XREQQORPXRJMXMW2EYVS4S43S42A5D43SBA
 .text          0x00000000000032dc        0xc /opt/nordic/ncs/v2.2.0/nrfxlib/mpsl/lib/cortex-m4/soft-float/libmpsl.a(libmpsl_debug_soft__obfuscated.elf)
                0x00000000000032dc                mpsl_cx_granted_ops_get
 .text          0x00000000000032e8        0xc /opt/nordic/ncs/v2.2.0/nrfxlib/mpsl/lib/cortex-m4/soft-float/libmpsl.a(libmpsl_debug_soft__obfuscated.elf)
                0x00000000000032e8                mpsl_cx_register_callback
 .text          0x00000000000032f4        0xc /opt/nordic/ncs/v2.2.0/nrfxlib/mpsl/lib/cortex-m4/soft-float/libmpsl.a(libmpsl_debug_soft__obfuscated.elf)
                0x00000000000032f4                mpsl_cx_release
 .text          0x0000000000003300        0xc /opt/nordic/ncs/v2.2.0/nrfxlib/mpsl/lib/cortex-m4/soft-float/libmpsl.a(libmpsl_debug_soft__obfuscated.elf)
                0x0000000000003300                mpsl_cx_request
 .text          0x000000000000330c       0x14 /opt/nordic/ncs/v2.2.0/nrfxlib/mpsl/lib/cortex-m4/soft-float/libmpsl.a(libmpsl_debug_soft__obfuscated.elf)
                0x000000000000330c                sym_OW4FCVYV7CD5K552B5EATVXKXK5HNDFX7JEYSUI
 .text          0x0000000000003320       0x2c /opt/nordic/ncs/v2.2.0/nrfxlib/mpsl/lib/cortex-m4/soft-float/libmpsl.a(libmpsl_debug_soft__obfuscated.elf)
 .text          0x000000000000334c       0x34 /opt/nordic/ncs/v2.2.0/nrfxlib/mpsl/lib/cortex-m4/soft-float/libmpsl.a(libmpsl_debug_soft__obfuscated.elf)
                0x000000000000334c                nrf_raal_continuous_ended
 .text          0x0000000000003380       0x50 /opt/nordic/ncs/v2.2.0/nrfxlib/mpsl/lib/cortex-m4/soft-float/libmpsl.a(libmpsl_debug_soft__obfuscated.elf)
                0x0000000000003380                nrf_raal_continuous_mode_enter
 .text          0x00000000000033d0       0x40 /opt/nordic/ncs/v2.2.0/nrfxlib/mpsl/lib/cortex-m4/soft-float/libmpsl.a(libmpsl_debug_soft__obfuscated.elf)
                0x00000000000033d0                nrf_raal_continuous_mode_exit
 .text          0x0000000000003410       0x64 /opt/nordic/ncs/v2.2.0/nrfxlib/mpsl/lib/cortex-m4/soft-float/libmpsl.a(libmpsl_debug_soft__obfuscated.elf)
                0x0000000000003410                nrf_raal_init
 .text          0x0000000000003474       0x54 /opt/nordic/ncs/v2.2.0/nrfxlib/mpsl/lib/cortex-m4/soft-float/libmpsl.a(libmpsl_debug_soft__obfuscated.elf)
                0x0000000000003474                nrf_raal_timeslot_us_left_get
 .text          0x00000000000034c8       0xd0 /opt/nordic/ncs/v2.2.0/nrfxlib/mpsl/lib/cortex-m4/soft-float/libmpsl.a(libmpsl_debug_soft__obfuscated.elf)
 .text          0x0000000000003598       0x90 /opt/nordic/ncs/v2.2.0/nrfxlib/mpsl/lib/cortex-m4/soft-float/libmpsl.a(libmpsl_debug_soft__obfuscated.elf)
 .text          0x0000000000003628       0x10 /opt/nordic/ncs/v2.2.0/nrfxlib/mpsl/lib/cortex-m4/soft-float/libmpsl.a(libmpsl_debug_soft__obfuscated.elf)
 .text          0x0000000000003638       0x68 /opt/nordic/ncs/v2.2.0/nrfxlib/mpsl/lib/cortex-m4/soft-float/libmpsl.a(libmpsl_debug_soft__obfuscated.elf)
 .text          0x00000000000036a0       0x4c /opt/nordic/ncs/v2.2.0/nrfxlib/mpsl/lib/cortex-m4/soft-float/libmpsl.a(libmpsl_debug_soft__obfuscated.elf)
 .text          0x00000000000036ec       0x34 /opt/nordic/ncs/v2.2.0/nrfxlib/mpsl/lib/cortex-m4/soft-float/libmpsl.a(libmpsl_debug_soft__obfuscated.elf)
 .text          0x0000000000003720        0xc /opt/nordic/ncs/v2.2.0/nrfxlib/mpsl/lib/cortex-m4/soft-float/libmpsl.a(libmpsl_debug_soft__obfuscated.elf)
                0x0000000000003720                sym_FLYO2O6PDDEK6WCFFGJRAPCMRB5FFHTEEHI4Z2Q
 .text          0x000000000000372c       0x40 /opt/nordic/ncs/v2.2.0/nrfxlib/mpsl/lib/cortex-m4/soft-float/libmpsl.a(libmpsl_debug_soft__obfuscated.elf)
                0x000000000000372c                sym_NIQMZN22R7GGCSNM3BZ25GTCR6D457XB3DIUGWA
 .text          0x000000000000376c        0xc /opt/nordic/ncs/v2.2.0/nrfxlib/mpsl/lib/cortex-m4/soft-float/libmpsl.a(libmpsl_debug_soft__obfuscated.elf)
                0x000000000000376c                mpsl_fem_abort_clear
 .text          0x0000000000003778        0xc /opt/nordic/ncs/v2.2.0/nrfxlib/mpsl/lib/cortex-m4/soft-float/libmpsl.a(libmpsl_debug_soft__obfuscated.elf)
                0x0000000000003778                mpsl_fem_abort_set
 .text          0x0000000000003784        0xc /opt/nordic/ncs/v2.2.0/nrfxlib/mpsl/lib/cortex-m4/soft-float/libmpsl.a(libmpsl_debug_soft__obfuscated.elf)
                0x0000000000003784                mpsl_fem_deactivate_now
 .text          0x0000000000003790        0xc /opt/nordic/ncs/v2.2.0/nrfxlib/mpsl/lib/cortex-m4/soft-float/libmpsl.a(libmpsl_debug_soft__obfuscated.elf)
                0x0000000000003790                mpsl_fem_disable
 .text          0x000000000000379c        0xc /opt/nordic/ncs/v2.2.0/nrfxlib/mpsl/lib/cortex-m4/soft-float/libmpsl.a(libmpsl_debug_soft__obfuscated.elf)
                0x000000000000379c                mpsl_fem_lna_configuration_clear
 .text          0x00000000000037a8        0xc /opt/nordic/ncs/v2.2.0/nrfxlib/mpsl/lib/cortex-m4/soft-float/libmpsl.a(libmpsl_debug_soft__obfuscated.elf)
                0x00000000000037a8                mpsl_fem_lna_configuration_set
 .text          0x00000000000037b4        0xc /opt/nordic/ncs/v2.2.0/nrfxlib/mpsl/lib/cortex-m4/soft-float/libmpsl.a(libmpsl_debug_soft__obfuscated.elf)
                0x00000000000037b4                mpsl_fem_pa_configuration_clear
 .text          0x00000000000037c0        0xc /opt/nordic/ncs/v2.2.0/nrfxlib/mpsl/lib/cortex-m4/soft-float/libmpsl.a(libmpsl_debug_soft__obfuscated.elf)
                0x00000000000037c0                mpsl_fem_pa_configuration_set
 .text          0x00000000000037cc        0xc /opt/nordic/ncs/v2.2.0/nrfxlib/mpsl/lib/cortex-m4/soft-float/libmpsl.a(libmpsl_debug_soft__obfuscated.elf)
                0x00000000000037cc                mpsl_fem_pa_gain_set
 .text          0x00000000000037d8        0xc /opt/nordic/ncs/v2.2.0/nrfxlib/mpsl/lib/cortex-m4/soft-float/libmpsl.a(libmpsl_debug_soft__obfuscated.elf)
                0x00000000000037d8                mpsl_fem_tx_power_split
 .text          0x00000000000037e4        0xc /opt/nordic/ncs/v2.2.0/nrfxlib/mpsl/lib/cortex-m4/soft-float/libmpsl.a(libmpsl_debug_soft__obfuscated.elf)
                0x00000000000037e4                mpsl_fem_device_config_254_apply_get
 .text          0x00000000000037f0      0x2a0 /opt/nordic/ncs/toolchains/v2.2.0/opt/zephyr-sdk/arm-zephyr-eabi/bin/../lib/gcc/arm-zephyr-eabi/12.1.0/thumb/v7e-m/nofp/libgcc.a(_udivmoddi4.o)
                0x00000000000037f0                __udivmoddi4
 .text          0x0000000000003a90       0x18 /opt/nordic/ncs/v2.2.0/nrfxlib/mpsl/lib/cortex-m4/soft-float/libmpsl.a(libmpsl_debug_soft__obfuscated.elf)
 .text          0x0000000000003aa8        0xe /opt/nordic/ncs/v2.2.0/nrfxlib/mpsl/lib/cortex-m4/soft-float/libmpsl.a(libmpsl_debug_soft__obfuscated.elf)
 .text          0x0000000000003ab6       0x20 /opt/nordic/ncs/v2.2.0/nrfxlib/mpsl/lib/cortex-m4/soft-float/libmpsl.a(libmpsl_debug_soft__obfuscated.elf)
                0x0000000000003ab6                sym_47MBMNER75N2M6YIZRIF4DAHSAATJOMK3LAIDCY
 .text          0x0000000000003ad6       0x1a /opt/nordic/ncs/v2.2.0/nrfxlib/mpsl/lib/cortex-m4/soft-float/libmpsl.a(libmpsl_debug_soft__obfuscated.elf)
                0x0000000000003ad6                sym_XYQTP7YX2XFVREW5KFDH2NNPGRIPEHKIO2RURYI
 .text          0x0000000000003af0       0x10 /opt/nordic/ncs/v2.2.0/nrfxlib/mpsl/lib/cortex-m4/soft-float/libmpsl.a(libmpsl_debug_soft__obfuscated.elf)
                0x0000000000003af0                sym_FY657WZD5QKMAW2TUBIU3E4BZ5M7DEVBKNG65HA
 .text          0x0000000000003b00       0x1a /opt/nordic/ncs/v2.2.0/nrfxlib/mpsl/lib/cortex-m4/soft-float/libmpsl.a(libmpsl_debug_soft__obfuscated.elf)
 .text          0x0000000000003b1a       0x22 /opt/nordic/ncs/v2.2.0/nrfxlib/mpsl/lib/cortex-m4/soft-float/libmpsl.a(libmpsl_debug_soft__obfuscated.elf)
 .text          0x0000000000003b3c       0x48 /opt/nordic/ncs/v2.2.0/nrfxlib/mpsl/lib/cortex-m4/soft-float/libmpsl.a(libmpsl_debug_soft__obfuscated.elf)
                0x0000000000003b3c                sym_XEJLNUQGS5P4R5IXDJFF6NE6C2FZWRZYDQOGMPI
 .text          0x0000000000003b84        0xa /opt/nordic/ncs/v2.2.0/nrfxlib/mpsl/lib/cortex-m4/soft-float/libmpsl.a(libmpsl_debug_soft__obfuscated.elf)
 .text          0x0000000000003b8e       0x1c /opt/nordic/ncs/v2.2.0/nrfxlib/mpsl/lib/cortex-m4/soft-float/libmpsl.a(libmpsl_debug_soft__obfuscated.elf)
 .text          0x0000000000003baa       0x12 /opt/nordic/ncs/v2.2.0/nrfxlib/mpsl/lib/cortex-m4/soft-float/libmpsl.a(libmpsl_debug_soft__obfuscated.elf)
                0x0000000000003baa                sym_TIWHB6UQGI33JQCQDL7C2BRAEXCRAFYENVN6QEI
 .text          0x0000000000003bbc        0xa /opt/nordic/ncs/v2.2.0/nrfxlib/mpsl/lib/cortex-m4/soft-float/libmpsl.a(libmpsl_debug_soft__obfuscated.elf)
                0x0000000000003bbc                sym_IFJHPQV3B4EIN6OIUP3LZSPJBF5HLX2VYD323GA
 .text          0x0000000000003bc6       0x20 /opt/nordic/ncs/v2.2.0/nrfxlib/mpsl/lib/cortex-m4/soft-float/libmpsl.a(libmpsl_debug_soft__obfuscated.elf)
                0x0000000000003bc6                sym_LZEJCP3HZIBKMJQC47UQXAHGCQ52QF47EXOH2WA
 .text          0x0000000000003be6       0x14 /opt/nordic/ncs/v2.2.0/nrfxlib/mpsl/lib/cortex-m4/soft-float/libmpsl.a(libmpsl_debug_soft__obfuscated.elf)
                0x0000000000003be6                sym_AL7FCNVVCF72BNYCTLA5UGAWCQFXFPGE2ULTWOA
 .text          0x0000000000003bfa       0x1a /opt/nordic/ncs/v2.2.0/nrfxlib/mpsl/lib/cortex-m4/soft-float/libmpsl.a(libmpsl_debug_soft__obfuscated.elf)
 .text          0x0000000000003c14       0x22 /opt/nordic/ncs/v2.2.0/nrfxlib/mpsl/lib/cortex-m4/soft-float/libmpsl.a(libmpsl_debug_soft__obfuscated.elf)
 .text          0x0000000000003c36       0x1c /opt/nordic/ncs/v2.2.0/nrfxlib/mpsl/lib/cortex-m4/soft-float/libmpsl.a(libmpsl_debug_soft__obfuscated.elf)
 .text          0x0000000000003c52       0x1a /opt/nordic/ncs/v2.2.0/nrfxlib/mpsl/lib/cortex-m4/soft-float/libmpsl.a(libmpsl_debug_soft__obfuscated.elf)
 .text          0x0000000000003c6c       0x26 /opt/nordic/ncs/v2.2.0/nrfxlib/mpsl/lib/cortex-m4/soft-float/libmpsl.a(libmpsl_debug_soft__obfuscated.elf)
                0x0000000000003c6c                sym_AR22FPVUFSZMVYMQBBXG7EEZNA2HPS2RLAKRPBA
 .text          0x0000000000003c92        0x8 /opt/nordic/ncs/v2.2.0/nrfxlib/mpsl/lib/cortex-m4/soft-float/libmpsl.a(libmpsl_debug_soft__obfuscated.elf)
                0x0000000000003c92                sym_YS3AHD7GWBHZEQHPIQANPGALEXB4QGY5O2DQKRY
 .text          0x0000000000003c9a       0x12 /opt/nordic/ncs/v2.2.0/nrfxlib/mpsl/lib/cortex-m4/soft-float/libmpsl.a(libmpsl_debug_soft__obfuscated.elf)
                0x0000000000003c9a                sym_OWJYSTADR5I36MIHWNPICVB7CMCWNSFIZPFXQ2Q
 .text          0x0000000000003cac        0x4 /opt/nordic/ncs/v2.2.0/nrfxlib/mpsl/lib/cortex-m4/soft-float/libmpsl.a(libmpsl_debug_soft__obfuscated.elf)
                0x0000000000003cac                mpsl_low_priority_process
 .text          0x0000000000003cb0       0x14 /opt/nordic/ncs/v2.2.0/nrfxlib/mpsl/lib/cortex-m4/soft-float/libmpsl.a(libmpsl_debug_soft__obfuscated.elf)
                0x0000000000003cb0                sym_BN6ZO2NBHRGKZ2NRQYWFBXVGKNG6Y5K55UNAWGA
 .text          0x0000000000003cc4       0x14 /opt/nordic/ncs/v2.2.0/nrfxlib/mpsl/lib/cortex-m4/soft-float/libmpsl.a(libmpsl_debug_soft__obfuscated.elf)
                0x0000000000003cc4                sym_5EMXP3L6SPQSCAJKKRH62ZOKJCCSKLI3WEX2WHY
 .text          0x0000000000003cd8       0x1a /opt/nordic/ncs/v2.2.0/nrfxlib/mpsl/lib/cortex-m4/soft-float/libmpsl.a(libmpsl_debug_soft__obfuscated.elf)
                0x0000000000003cd8                sym_NQG4U7UYIQILZLC5ENYCA4NQMQM6PBAZC345PPA
 .text          0x0000000000003cf2       0x14 /opt/nordic/ncs/v2.2.0/nrfxlib/mpsl/lib/cortex-m4/soft-float/libmpsl.a(libmpsl_debug_soft__obfuscated.elf)
                0x0000000000003cf2                sym_H2QJCU2ORTYAFBAQQ2FHUYIAZO4HCXEKCQ4SS2Q
 .text          0x0000000000003d06       0x14 /opt/nordic/ncs/v2.2.0/nrfxlib/mpsl/lib/cortex-m4/soft-float/libmpsl.a(libmpsl_debug_soft__obfuscated.elf)
                0x0000000000003d06                sym_SWIBDSDMHUYNCG5ZWLB52J7NETJIUBPCO5IIQFA
 .text          0x0000000000003d1a       0x18 /opt/nordic/ncs/v2.2.0/nrfxlib/mpsl/lib/cortex-m4/soft-float/libmpsl.a(libmpsl_debug_soft__obfuscated.elf)
                0x0000000000003d1a                sym_QPP3IZFSWHUV4JQ6ODMIVIARPB4PQYUFESV7BRQ
 .text          0x0000000000003d32       0x14 /opt/nordic/ncs/v2.2.0/nrfxlib/mpsl/lib/cortex-m4/soft-float/libmpsl.a(libmpsl_debug_soft__obfuscated.elf)
                0x0000000000003d32                sym_6PVOPWDLWTXOTRZZ7LP36TLYTLPTQHNAUQNFHEA
 .text          0x0000000000003d46       0x14 /opt/nordic/ncs/v2.2.0/nrfxlib/mpsl/lib/cortex-m4/soft-float/libmpsl.a(libmpsl_debug_soft__obfuscated.elf)
                0x0000000000003d46                sym_USR4MDT6VMTQLOGKNN4MALBZ3GJPD2KOEY4HFAQ
 .text          0x0000000000003d5a       0xf4 /opt/nordic/ncs/v2.2.0/nrfxlib/mpsl/lib/cortex-m4/soft-float/libmpsl.a(libmpsl_debug_soft__obfuscated.elf)
                0x0000000000003d5a                sym_DQONLUECJTIEYFOFJXXAPJO4POIAJKJNKBGVN5A
 .text          0x0000000000003e4e       0xc0 /opt/nordic/ncs/v2.2.0/nrfxlib/mpsl/lib/cortex-m4/soft-float/libmpsl.a(libmpsl_debug_soft__obfuscated.elf)
                0x0000000000003e4e                sym_VSILKYHVQ5DVF6LG5MG267DQVA3A2XZQ6FSCLXA
 .text          0x0000000000003f0e        0x8 /opt/nordic/ncs/v2.2.0/nrfxlib/mpsl/lib/cortex-m4/soft-float/libmpsl.a(libmpsl_debug_soft__obfuscated.elf)
 .text          0x0000000000003f16        0x4 /opt/nordic/ncs/v2.2.0/nrfxlib/mpsl/lib/cortex-m4/soft-float/libmpsl.a(libmpsl_debug_soft__obfuscated.elf)
 .text          0x0000000000003f1a        0x4 /opt/nordic/ncs/v2.2.0/nrfxlib/mpsl/lib/cortex-m4/soft-float/libmpsl.a(libmpsl_debug_soft__obfuscated.elf)
 .text          0x0000000000003f1e        0x4 /opt/nordic/ncs/v2.2.0/nrfxlib/mpsl/lib/cortex-m4/soft-float/libmpsl.a(libmpsl_debug_soft__obfuscated.elf)
 .text          0x0000000000003f22        0xc /opt/nordic/ncs/v2.2.0/nrfxlib/mpsl/lib/cortex-m4/soft-float/libmpsl.a(libmpsl_debug_soft__obfuscated.elf)
 .text          0x0000000000003f2e       0x14 /opt/nordic/ncs/v2.2.0/nrfxlib/mpsl/lib/cortex-m4/soft-float/libmpsl.a(libmpsl_debug_soft__obfuscated.elf)
                0x0000000000003f2e                nrf_raal_timeslot_request
 .text          0x0000000000003f42       0x4a /opt/nordic/ncs/v2.2.0/nrfxlib/mpsl/lib/cortex-m4/soft-float/libmpsl.a(libmpsl_debug_soft__obfuscated.elf)
                0x0000000000003f42                nrf_802154_fal_tx_power_split
 .text          0x0000000000003f8c        0x6 /opt/nordic/ncs/v2.2.0/nrfxlib/mpsl/lib/cortex-m4/soft-float/libmpsl.a(libmpsl_debug_soft__obfuscated.elf)
 .text          0x0000000000003f92        0x4 /opt/nordic/ncs/v2.2.0/nrfxlib/mpsl/lib/cortex-m4/soft-float/libmpsl.a(libmpsl_debug_soft__obfuscated.elf)
 .text          0x0000000000003f96        0x4 /opt/nordic/ncs/v2.2.0/nrfxlib/mpsl/lib/cortex-m4/soft-float/libmpsl.a(libmpsl_debug_soft__obfuscated.elf)
 .text          0x0000000000003f9a        0x6 /opt/nordic/ncs/v2.2.0/nrfxlib/mpsl/lib/cortex-m4/soft-float/libmpsl.a(libmpsl_debug_soft__obfuscated.elf)
 .text          0x0000000000003fa0        0x2 /opt/nordic/ncs/v2.2.0/nrfxlib/mpsl/lib/cortex-m4/soft-float/libmpsl.a(libmpsl_debug_soft__obfuscated.elf)
 .text          0x0000000000003fa2        0x2 /opt/nordic/ncs/v2.2.0/nrfxlib/mpsl/lib/cortex-m4/soft-float/libmpsl.a(libmpsl_debug_soft__obfuscated.elf)
 .text          0x0000000000003fa4        0x4 /opt/nordic/ncs/v2.2.0/nrfxlib/mpsl/lib/cortex-m4/soft-float/libmpsl.a(libmpsl_debug_soft__obfuscated.elf)
 .text          0x0000000000003fa8        0x6 /opt/nordic/ncs/v2.2.0/nrfxlib/mpsl/lib/cortex-m4/soft-float/libmpsl.a(libmpsl_debug_soft__obfuscated.elf)
 .text          0x0000000000003fae        0x6 /opt/nordic/ncs/v2.2.0/nrfxlib/mpsl/lib/cortex-m4/soft-float/libmpsl.a(libmpsl_debug_soft__obfuscated.elf)
 .text          0x0000000000003fb4        0x6 /opt/nordic/ncs/v2.2.0/nrfxlib/mpsl/lib/cortex-m4/soft-float/libmpsl.a(libmpsl_debug_soft__obfuscated.elf)
 .text          0x0000000000003fba        0x6 /opt/nordic/ncs/v2.2.0/nrfxlib/mpsl/lib/cortex-m4/soft-float/libmpsl.a(libmpsl_debug_soft__obfuscated.elf)
 .text          0x0000000000003fc0        0x6 /opt/nordic/ncs/v2.2.0/nrfxlib/mpsl/lib/cortex-m4/soft-float/libmpsl.a(libmpsl_debug_soft__obfuscated.elf)
 .text          0x0000000000003fc6        0x6 /opt/nordic/ncs/v2.2.0/nrfxlib/mpsl/lib/cortex-m4/soft-float/libmpsl.a(libmpsl_debug_soft__obfuscated.elf)
 .text          0x0000000000003fcc        0xc /opt/nordic/ncs/v2.2.0/nrfxlib/mpsl/lib/cortex-m4/soft-float/libmpsl.a(libmpsl_debug_soft__obfuscated.elf)
 .text          0x0000000000003fd8        0x4 /opt/nordic/ncs/v2.2.0/nrfxlib/mpsl/lib/cortex-m4/soft-float/libmpsl.a(libmpsl_debug_soft__obfuscated.elf)
 .text          0x0000000000003fdc        0x6 /opt/nordic/ncs/v2.2.0/nrfxlib/mpsl/lib/cortex-m4/soft-float/libmpsl.a(libmpsl_debug_soft__obfuscated.elf)
 .text          0x0000000000003fe2        0x4 /opt/nordic/ncs/v2.2.0/nrfxlib/mpsl/lib/cortex-m4/soft-float/libmpsl.a(libmpsl_debug_soft__obfuscated.elf)
                0x0000000000003fe2                mpsl_fem_init
 .text          0x0000000000003fe6       0x2e /opt/nordic/ncs/v2.2.0/nrfxlib/mpsl/lib/cortex-m4/soft-float/libmpsl.a(libmpsl_debug_soft__obfuscated.elf)
                0x0000000000003fe6                sym_PX4SKXGNX25XLMGGWQM65ZRFHI6666YGHL6AYMA
 .text          0x0000000000004014       0x6c /opt/nordic/ncs/v2.2.0/nrfxlib/mpsl/lib/cortex-m4/soft-float/libmpsl.a(libmpsl_debug_soft__obfuscated.elf)
 *(SORT_BY_ALIGNMENT(.text.*))
 .text.rf_setup
                0x0000000000004080       0x2c app/libapp.a(main.c.obj)
 .text.five_s_timer_handler
                0x00000000000040ac       0xa4 app/libapp.a(main.c.obj)
                0x00000000000040ac                five_s_timer_handler
 .text.nrf_802154_received_raw
                0x0000000000004150       0xbc app/libapp.a(main.c.obj)
                0x0000000000004150                nrf_802154_received_raw
 .text.main     0x000000000000420c      0x10c app/libapp.a(main.c.obj)
                0x000000000000420c                main
 .text.cbvprintf_package
                0x0000000000004318      0x3ac zephyr/libzephyr.a(cbprintf_packaged.c.obj)
                0x0000000000004318                cbvprintf_package
 .text.cbprintf_package_convert
                0x00000000000046c4      0x3bc zephyr/libzephyr.a(cbprintf_packaged.c.obj)
                0x00000000000046c4                cbprintf_package_convert
 .text.__printk_hook_install
                0x0000000000004a80        0xc zephyr/libzephyr.a(printk.c.obj)
                0x0000000000004a80                __printk_hook_install
 .text.vsnprintk
                0x0000000000004a8c       0x2c zephyr/libzephyr.a(printk.c.obj)
                0x0000000000004a8c                vsnprintk
 .text.process_event
                0x0000000000004ab8      0x21c zephyr/libzephyr.a(onoff.c.obj)
 .text.z_cbvprintf_impl
                0x0000000000004cd4      0x764 zephyr/libzephyr.a(cbprintf_complete.c.obj)
                0x0000000000004cd4                z_cbvprintf_impl
 .text.sys_reboot
                0x0000000000005438       0x28 zephyr/libzephyr.a(reboot.c.obj)
                0x0000000000005438                sys_reboot
 .text.z_arm_platform_init
                0x0000000000005460        0x4 zephyr/libzephyr.a(soc_nrf_common.S.obj)
                0x0000000000005460                z_arm_platform_init
 .text.activate_foreach_backend
                0x0000000000005464       0x64 zephyr/libzephyr.a(log_core.c.obj)
 .text.enable_logger
                0x00000000000054c8       0x5c zephyr/libzephyr.a(log_core.c.obj)
 .text.log_process_thread_timer_expiry_fn
                0x0000000000005524        0xc zephyr/libzephyr.a(log_core.c.obj)
 .text.z_log_init
                0x0000000000005530       0x90 zephyr/libzephyr.a(log_core.c.obj)
 .text.log_format_func_t_get
                0x00000000000055c0        0xc zephyr/libzephyr.a(log_core.c.obj)
                0x00000000000055c0                log_format_func_t_get
 .text.log_set_timestamp_func
                0x00000000000055cc       0x20 zephyr/libzephyr.a(log_core.c.obj)
                0x00000000000055cc                log_set_timestamp_func
 .text.z_log_notify_backend_enabled
                0x00000000000055ec       0x1c zephyr/libzephyr.a(log_core.c.obj)
                0x00000000000055ec                z_log_notify_backend_enabled
 .text.z_log_dropped
                0x0000000000005608       0x30 zephyr/libzephyr.a(log_core.c.obj)
                0x0000000000005608                z_log_dropped
 .text.z_log_dropped_read_and_clear
                0x0000000000005638       0x20 zephyr/libzephyr.a(log_core.c.obj)
                0x0000000000005638                z_log_dropped_read_and_clear
 .text.dropped_notify
                0x0000000000005658       0x30 zephyr/libzephyr.a(log_core.c.obj)
                0x0000000000005658                dropped_notify
 .text.z_log_msg_init
                0x0000000000005688       0x20 zephyr/libzephyr.a(log_core.c.obj)
                0x0000000000005688                z_log_msg_init
 .text.log_core_init
                0x00000000000056a8       0x2c zephyr/libzephyr.a(log_core.c.obj)
                0x00000000000056a8                log_core_init
 .text.z_log_msg_alloc
                0x00000000000056d4       0x10 zephyr/libzephyr.a(log_core.c.obj)
                0x00000000000056d4                z_log_msg_alloc
 .text.z_log_msg_local_claim
                0x00000000000056e4        0xc zephyr/libzephyr.a(log_core.c.obj)
                0x00000000000056e4                z_log_msg_local_claim
 .text.z_log_msg_free
                0x00000000000056f0       0x10 zephyr/libzephyr.a(log_core.c.obj)
                0x00000000000056f0                z_log_msg_free
 .text.z_log_msg_pending
                0x0000000000005700        0xc zephyr/libzephyr.a(log_core.c.obj)
                0x0000000000005700                z_log_msg_pending
 .text.z_impl_log_process
                0x000000000000570c       0xbc zephyr/libzephyr.a(log_core.c.obj)
                0x000000000000570c                z_impl_log_process
 .text.z_impl_log_panic
                0x00000000000057c8       0x44 zephyr/libzephyr.a(log_core.c.obj)
                0x00000000000057c8                z_impl_log_panic
 .text.log_process_thread_func
                0x000000000000580c       0x9c zephyr/libzephyr.a(log_core.c.obj)
 .text.z_log_msg_post_finalize
                0x00000000000058a8       0x78 zephyr/libzephyr.a(log_core.c.obj)
 .text.z_log_msg_commit
                0x0000000000005920       0x24 zephyr/libzephyr.a(log_core.c.obj)
                0x0000000000005920                z_log_msg_commit
 .text.log_source_name_get
                0x0000000000005944       0x1c zephyr/libzephyr.a(log_mgmt.c.obj)
                0x0000000000005944                log_source_name_get
 .text.log_backend_enable
                0x0000000000005960       0x28 zephyr/libzephyr.a(log_mgmt.c.obj)
                0x0000000000005960                log_backend_enable
 .text.z_impl_z_log_msg_static_create
                0x0000000000005988       0xa8 zephyr/libzephyr.a(log_msg.c.obj)
                0x0000000000005988                z_impl_z_log_msg_static_create
 .text.z_impl_z_log_msg_runtime_vcreate
                0x0000000000005a30       0x94 zephyr/libzephyr.a(log_msg.c.obj)
                0x0000000000005a30                z_impl_z_log_msg_runtime_vcreate
 .text.print_formatted
                0x0000000000005ac4       0x24 zephyr/libzephyr.a(log_output.c.obj)
 .text.newline_print
                0x0000000000005ae8       0x1c zephyr/libzephyr.a(log_output.c.obj)
 .text.log_output_process
                0x0000000000005b04      0x2a4 zephyr/libzephyr.a(log_output.c.obj)
                0x0000000000005b04                log_output_process
 .text.log_output_msg_process
                0x0000000000005da8       0x6c zephyr/libzephyr.a(log_output.c.obj)
                0x0000000000005da8                log_output_msg_process
 .text.log_output_dropped_process
                0x0000000000005e14       0x58 zephyr/libzephyr.a(log_output.c.obj)
                0x0000000000005e14                log_output_dropped_process
 .text.log_output_timestamp_freq_set
                0x0000000000005e6c       0x2c zephyr/libzephyr.a(log_output.c.obj)
                0x0000000000005e6c                log_output_timestamp_freq_set
 .text.log_backend_rtt_init
                0x0000000000005e98        0xc zephyr/libzephyr.a(log_backend_rtt.c.obj)
 .text.format_set
                0x0000000000005ea4        0xc zephyr/libzephyr.a(log_backend_rtt.c.obj)
 .text.panic    0x0000000000005eb0       0x14 zephyr/libzephyr.a(log_backend_rtt.c.obj)
 .text.dropped  0x0000000000005ec4        0xc zephyr/libzephyr.a(log_backend_rtt.c.obj)
 .text.process  0x0000000000005ed0       0x24 zephyr/libzephyr.a(log_backend_rtt.c.obj)
 .text.on_failed_write
                0x0000000000005ef4       0x28 zephyr/libzephyr.a(log_backend_rtt.c.obj)
 .text.data_out_block_mode
                0x0000000000005f1c       0x84 zephyr/libzephyr.a(log_backend_rtt.c.obj)
 .text.format_set
                0x0000000000005fa0        0xc zephyr/libzephyr.a(log_backend_uart.c.obj)
 .text.panic    0x0000000000005fac       0x14 zephyr/libzephyr.a(log_backend_uart.c.obj)
 .text.dropped  0x0000000000005fc0        0xc zephyr/libzephyr.a(log_backend_uart.c.obj)
 .text.process  0x0000000000005fcc       0x24 zephyr/libzephyr.a(log_backend_uart.c.obj)
 .text.char_out
                0x0000000000005ff0       0x24 zephyr/libzephyr.a(log_backend_uart.c.obj)
 .text.pm_state_notify
                0x0000000000006014       0x5c zephyr/libzephyr.a(pm.c.obj)
 .text.pm_system_resume
                0x0000000000006070       0x78 zephyr/libzephyr.a(pm.c.obj)
                0x0000000000006070                pm_system_resume
 .text.pm_system_suspend
                0x00000000000060e8       0xf8 zephyr/libzephyr.a(pm.c.obj)
                0x00000000000060e8                pm_system_suspend
 .text.pm_policy_next_state
                0x00000000000061e0       0x94 zephyr/libzephyr.a(policy.c.obj)
                0x00000000000061e0                pm_policy_next_state
 .text.pm_state_cpu_get_all
                0x0000000000006274       0x10 zephyr/libzephyr.a(state.c.obj)
                0x0000000000006274                pm_state_cpu_get_all
 .text.nrf_cc3xx_platform_abort_init
                0x0000000000006284        0xc zephyr/libzephyr.a(nrf_cc3xx_platform_abort_zephyr.c.obj)
                0x0000000000006284                nrf_cc3xx_platform_abort_init
 .text.mutex_free_platform
                0x0000000000006290       0x54 zephyr/libzephyr.a(nrf_cc3xx_platform_mutex_zephyr.c.obj)
 .text.mutex_lock_platform
                0x00000000000062e4       0x60 zephyr/libzephyr.a(nrf_cc3xx_platform_mutex_zephyr.c.obj)
 .text.mutex_unlock_platform
                0x0000000000006344       0x58 zephyr/libzephyr.a(nrf_cc3xx_platform_mutex_zephyr.c.obj)
 .text.mutex_init_platform
                0x000000000000639c       0x94 zephyr/libzephyr.a(nrf_cc3xx_platform_mutex_zephyr.c.obj)
 .text.nrf_cc3xx_platform_mutex_init
                0x0000000000006430       0x2c zephyr/libzephyr.a(nrf_cc3xx_platform_mutex_zephyr.c.obj)
                0x0000000000006430                nrf_cc3xx_platform_mutex_init
 .text.z_isr_install
                0x000000000000645c       0x14 zephyr/arch/common/libarch__common.a(sw_isr_common.c.obj)
                0x000000000000645c                z_isr_install
 .text.z_arm_cpu_idle_init
                0x0000000000006470        0xc zephyr/arch/arch/arm/core/aarch32/libarch__arm__core__aarch32.a(cpu_idle.S.obj)
                0x0000000000006470                z_arm_cpu_idle_init
 .text.arch_cpu_idle
                0x000000000000647c       0x1c zephyr/arch/arch/arm/core/aarch32/libarch__arm__core__aarch32.a(cpu_idle.S.obj)
                0x000000000000647c                arch_cpu_idle
 .text.arch_cpu_atomic_idle
                0x0000000000006498       0x14 zephyr/arch/arch/arm/core/aarch32/libarch__arm__core__aarch32.a(cpu_idle.S.obj)
                0x0000000000006498                arch_cpu_atomic_idle
 .text.z_arm_fatal_error
                0x00000000000064ac       0xcc zephyr/arch/arch/arm/core/aarch32/libarch__arm__core__aarch32.a(fatal.c.obj)
                0x00000000000064ac                z_arm_fatal_error
 .text.arch_irq_enable
                0x0000000000006578       0x1c zephyr/arch/arch/arm/core/aarch32/libarch__arm__core__aarch32.a(irq_manage.c.obj)
                0x0000000000006578                arch_irq_enable
 .text.arch_irq_disable
                0x0000000000006594       0x28 zephyr/arch/arch/arm/core/aarch32/libarch__arm__core__aarch32.a(irq_manage.c.obj)
                0x0000000000006594                arch_irq_disable
 .text.arch_irq_is_enabled
                0x00000000000065bc       0x1c zephyr/arch/arch/arm/core/aarch32/libarch__arm__core__aarch32.a(irq_manage.c.obj)
                0x00000000000065bc                arch_irq_is_enabled
 .text.z_arm_irq_priority_set
                0x00000000000065d8       0x34 zephyr/arch/arch/arm/core/aarch32/libarch__arm__core__aarch32.a(irq_manage.c.obj)
                0x00000000000065d8                z_arm_irq_priority_set
 .text._arch_isr_direct_pm
                0x000000000000660c       0x1c zephyr/arch/arch/arm/core/aarch32/libarch__arm__core__aarch32.a(irq_manage.c.obj)
                0x000000000000660c                _arch_isr_direct_pm
 .text.z_SysNmiOnReset
                0x0000000000006628        0x8 zephyr/arch/arch/arm/core/aarch32/libarch__arm__core__aarch32.a(nmi_on_reset.S.obj)
                0x0000000000006628                z_SysNmiOnReset
 .text.z_arm_prep_c
                0x0000000000006630       0x38 zephyr/arch/arch/arm/core/aarch32/libarch__arm__core__aarch32.a(prep_c.c.obj)
                0x0000000000006630                z_arm_prep_c
 .text.arch_swap
                0x0000000000006668       0x34 zephyr/arch/arch/arm/core/aarch32/libarch__arm__core__aarch32.a(swap.c.obj)
                0x0000000000006668                arch_swap
 .text.z_arm_pendsv
                0x000000000000669c       0x54 zephyr/arch/arch/arm/core/aarch32/libarch__arm__core__aarch32.a(swap_helper.S.obj)
                0x000000000000669c                z_arm_pendsv
 .text.z_arm_svc
                0x00000000000066f0       0x20 zephyr/arch/arch/arm/core/aarch32/libarch__arm__core__aarch32.a(swap_helper.S.obj)
                0x00000000000066f0                z_arm_svc
 .text.arch_new_thread
                0x0000000000006710       0x38 zephyr/arch/arch/arm/core/aarch32/libarch__arm__core__aarch32.a(thread.c.obj)
                0x0000000000006710                arch_new_thread
 .text.z_check_thread_stack_fail
                0x0000000000006748       0x2c zephyr/arch/arch/arm/core/aarch32/libarch__arm__core__aarch32.a(thread.c.obj)
                0x0000000000006748                z_check_thread_stack_fail
 .text.arch_switch_to_main_thread
                0x0000000000006774       0x2c zephyr/arch/arch/arm/core/aarch32/libarch__arm__core__aarch32.a(thread.c.obj)
                0x0000000000006774                arch_switch_to_main_thread
 .text._isr_wrapper
                0x00000000000067a0       0x40 zephyr/arch/arch/arm/core/aarch32/libarch__arm__core__aarch32.a(isr_wrapper.S.obj)
                0x00000000000067a0                _isr_wrapper
 .text._HandlerModeExit
                0x00000000000067e0       0x1c zephyr/arch/arch/arm/core/aarch32/cortex_m/libarch__arm__core__aarch32__cortex_m.a(exc_exit.S.obj)
                0x00000000000067e0                z_arm_exc_exit
                0x00000000000067e0                z_arm_int_exit
 .text.bus_fault.constprop.0
                0x00000000000067fc      0x130 zephyr/arch/arch/arm/core/aarch32/cortex_m/libarch__arm__core__aarch32__cortex_m.a(fault.c.obj)
 .text.usage_fault.constprop.0
                0x000000000000692c       0xf8 zephyr/arch/arch/arm/core/aarch32/cortex_m/libarch__arm__core__aarch32__cortex_m.a(fault.c.obj)
 .text.mem_manage_fault
                0x0000000000006a24      0x170 zephyr/arch/arch/arm/core/aarch32/cortex_m/libarch__arm__core__aarch32__cortex_m.a(fault.c.obj)
 .text.z_arm_fault
                0x0000000000006b94      0x218 zephyr/arch/arch/arm/core/aarch32/cortex_m/libarch__arm__core__aarch32__cortex_m.a(fault.c.obj)
                0x0000000000006b94                z_arm_fault
 .text.z_arm_fault_init
                0x0000000000006dac       0x10 zephyr/arch/arch/arm/core/aarch32/cortex_m/libarch__arm__core__aarch32__cortex_m.a(fault.c.obj)
                0x0000000000006dac                z_arm_fault_init
 .text.__fault  0x0000000000006dbc       0x14 zephyr/arch/arch/arm/core/aarch32/cortex_m/libarch__arm__core__aarch32__cortex_m.a(fault_s.S.obj)
                0x0000000000006dbc                z_arm_bus_fault
                0x0000000000006dbc                z_arm_usage_fault
                0x0000000000006dbc                z_arm_mpu_fault
                0x0000000000006dbc                z_arm_exc_spurious
                0x0000000000006dbc                z_arm_debug_monitor
                0x0000000000006dbc                z_arm_hard_fault
 .text.z_arm_interrupt_init
                0x0000000000006dd0       0x18 zephyr/arch/arch/arm/core/aarch32/cortex_m/libarch__arm__core__aarch32__cortex_m.a(irq_init.c.obj)
                0x0000000000006dd0                z_arm_interrupt_init
 .text._reset_section
                0x0000000000006de8       0x54 zephyr/arch/arch/arm/core/aarch32/cortex_m/libarch__arm__core__aarch32__cortex_m.a(reset.S.obj)
                0x0000000000006de8                z_arm_reset
                0x0000000000006de8                __start
 .text.z_arm_clear_arm_mpu_config
                0x0000000000006e3c       0x24 zephyr/arch/arch/arm/core/aarch32/cortex_m/libarch__arm__core__aarch32__cortex_m.a(scb.c.obj)
                0x0000000000006e3c                z_arm_clear_arm_mpu_config
 .text.z_arm_init_arch_hw_at_boot
                0x0000000000006e60       0x64 zephyr/arch/arch/arm/core/aarch32/cortex_m/libarch__arm__core__aarch32__cortex_m.a(scb.c.obj)
                0x0000000000006e60                z_arm_init_arch_hw_at_boot
 .text.z_impl_k_thread_abort
                0x0000000000006ec4       0x2c zephyr/arch/arch/arm/core/aarch32/cortex_m/libarch__arm__core__aarch32__cortex_m.a(thread_abort.c.obj)
                0x0000000000006ec4                z_impl_k_thread_abort
 .text.z_arm_configure_static_mpu_regions
                0x0000000000006ef0       0x18 zephyr/arch/arch/arm/core/aarch32/mpu/libarch__arm__core__aarch32__mpu.a(arm_core_mpu.c.obj)
                0x0000000000006ef0                z_arm_configure_static_mpu_regions
 .text.z_arm_configure_dynamic_mpu_regions
                0x0000000000006f08       0x20 zephyr/arch/arch/arm/core/aarch32/mpu/libarch__arm__core__aarch32__mpu.a(arm_core_mpu.c.obj)
                0x0000000000006f08                z_arm_configure_dynamic_mpu_regions
 .text.mpu_configure_regions
                0x0000000000006f28       0xcc zephyr/arch/arch/arm/core/aarch32/mpu/libarch__arm__core__aarch32__mpu.a(arm_mpu.c.obj)
 .text.arm_core_mpu_enable
                0x0000000000006ff4       0x18 zephyr/arch/arch/arm/core/aarch32/mpu/libarch__arm__core__aarch32__mpu.a(arm_mpu.c.obj)
                0x0000000000006ff4                arm_core_mpu_enable
 .text.arm_core_mpu_disable
                0x000000000000700c       0x14 zephyr/arch/arch/arm/core/aarch32/mpu/libarch__arm__core__aarch32__mpu.a(arm_mpu.c.obj)
                0x000000000000700c                arm_core_mpu_disable
 .text.arm_core_mpu_configure_static_mpu_regions
                0x0000000000007020       0x14 zephyr/arch/arch/arm/core/aarch32/mpu/libarch__arm__core__aarch32__mpu.a(arm_mpu.c.obj)
                0x0000000000007020                arm_core_mpu_configure_static_mpu_regions
 .text.arm_core_mpu_configure_dynamic_mpu_regions
                0x0000000000007034       0x30 zephyr/arch/arch/arm/core/aarch32/mpu/libarch__arm__core__aarch32__mpu.a(arm_mpu.c.obj)
                0x0000000000007034                arm_core_mpu_configure_dynamic_mpu_regions
 .text.z_arm_mpu_init
                0x0000000000007064       0x60 zephyr/arch/arch/arm/core/aarch32/mpu/libarch__arm__core__aarch32__mpu.a(arm_mpu.c.obj)
                0x0000000000007064                z_arm_mpu_init
 .text.__stdout_hook_install
                0x00000000000070c4        0xc zephyr/lib/libc/minimal/liblib__libc__minimal.a(stdout_console.c.obj)
                0x00000000000070c4                __stdout_hook_install
 .text.nordicsemi_nrf52_init
                0x00000000000070d0       0x60 zephyr/soc/arm/nordic_nrf/nrf52/libsoc__arm__nordic_nrf__nrf52.a(soc.c.obj)
 .text.sys_arch_reboot
                0x0000000000007130       0x2c zephyr/soc/arm/nordic_nrf/nrf52/libsoc__arm__nordic_nrf__nrf52.a(soc.c.obj)
                0x0000000000007130                sys_arch_reboot
 .text.arch_busy_wait
                0x000000000000715c       0x14 zephyr/soc/arm/nordic_nrf/nrf52/libsoc__arm__nordic_nrf__nrf52.a(soc.c.obj)
                0x000000000000715c                arch_busy_wait
 .text.onoff_stop
                0x0000000000007170       0x30 zephyr/drivers/clock_control/libdrivers__clock_control.a(clock_control_nrf.c.obj)
 .text.onoff_start
                0x00000000000071a0       0x44 zephyr/drivers/clock_control/libdrivers__clock_control.a(clock_control_nrf.c.obj)
 .text.clk_init
                0x00000000000071e4       0x58 zephyr/drivers/clock_control/libdrivers__clock_control.a(clock_control_nrf.c.obj)
 .text.clkstarted_handle.constprop.0
                0x000000000000723c       0x34 zephyr/drivers/clock_control/libdrivers__clock_control.a(clock_control_nrf.c.obj)
 .text.clock_event_handler
                0x0000000000007270       0x1c zephyr/drivers/clock_control/libdrivers__clock_control.a(clock_control_nrf.c.obj)
 .text.generic_hfclk_start
                0x000000000000728c       0x64 zephyr/drivers/clock_control/libdrivers__clock_control.a(clock_control_nrf.c.obj)
 .text.api_blocking_start
                0x00000000000072f0       0x34 zephyr/drivers/clock_control/libdrivers__clock_control.a(clock_control_nrf.c.obj)
 .text.generic_hfclk_stop
                0x0000000000007324       0x2c zephyr/drivers/clock_control/libdrivers__clock_control.a(clock_control_nrf.c.obj)
 .text.z_nrf_clock_control_get_onoff
                0x0000000000007350       0x10 zephyr/drivers/clock_control/libdrivers__clock_control.a(clock_control_nrf.c.obj)
                0x0000000000007350                z_nrf_clock_control_get_onoff
 .text.z_nrf_clock_control_lf_on
                0x0000000000007360       0xfc zephyr/drivers/clock_control/libdrivers__clock_control.a(clock_control_nrf.c.obj)
                0x0000000000007360                z_nrf_clock_control_lf_on
 .text.uart_console_init
                0x000000000000745c       0x28 zephyr/drivers/console/libdrivers__console.a(uart_console.c.obj)
 .text.console_out
                0x0000000000007484       0x28 zephyr/drivers/console/libdrivers__console.a(uart_console.c.obj)
 .text.gpio_nrfx_pin_interrupt_configure
                0x00000000000074ac       0xd4 zephyr/drivers/gpio/libdrivers__gpio.a(gpio_nrfx.c.obj)
 .text.gpio_nrfx_init
                0x0000000000007580       0x38 zephyr/drivers/gpio/libdrivers__gpio.a(gpio_nrfx.c.obj)
 .text.nrfx_gpio_handler
                0x00000000000075b8       0x4c zephyr/drivers/gpio/libdrivers__gpio.a(gpio_nrfx.c.obj)
 .text.gpio_nrfx_pin_configure
                0x0000000000007604      0x128 zephyr/drivers/gpio/libdrivers__gpio.a(gpio_nrfx.c.obj)
 .text.uarte_nrfx_configure
                0x000000000000772c      0x168 zephyr/drivers/serial/libdrivers__serial.a(uart_nrfx_uarte.c.obj)
 .text.uarte_instance_init.constprop.0
                0x0000000000007894      0x104 zephyr/drivers/serial/libdrivers__serial.a(uart_nrfx_uarte.c.obj)
 .text.uarte_nrfx_poll_out
                0x0000000000007998       0xcc zephyr/drivers/serial/libdrivers__serial.a(uart_nrfx_uarte.c.obj)
 .text.random_byte_get
                0x0000000000007a64       0x3c zephyr/drivers/entropy/libdrivers__entropy.a(entropy_nrf5.c.obj)
 .text.rng_pool_get
                0x0000000000007aa0       0x8c zephyr/drivers/entropy/libdrivers__entropy.a(entropy_nrf5.c.obj)
 .text.entropy_nrf5_get_entropy_isr
                0x0000000000007b2c       0xa4 zephyr/drivers/entropy/libdrivers__entropy.a(entropy_nrf5.c.obj)
 .text.entropy_nrf5_get_entropy
                0x0000000000007bd0       0x58 zephyr/drivers/entropy/libdrivers__entropy.a(entropy_nrf5.c.obj)
 .text.entropy_nrf5_init
                0x0000000000007c28       0x6c zephyr/drivers/entropy/libdrivers__entropy.a(entropy_nrf5.c.obj)
 .text.isr      0x0000000000007c94       0x74 zephyr/drivers/entropy/libdrivers__entropy.a(entropy_nrf5.c.obj)
 .text.compare_int_lock
                0x0000000000007d08       0x48 zephyr/drivers/timer/libdrivers__timer.a(nrf_rtc_timer.c.obj)
 .text.sys_clock_timeout_handler
                0x0000000000007d50       0x80 zephyr/drivers/timer/libdrivers__timer.a(nrf_rtc_timer.c.obj)
 .text.compare_int_unlock
                0x0000000000007dd0       0x5c zephyr/drivers/timer/libdrivers__timer.a(nrf_rtc_timer.c.obj)
 .text.z_nrf_rtc_timer_compare_evt_address_get
                0x0000000000007e2c       0x10 zephyr/drivers/timer/libdrivers__timer.a(nrf_rtc_timer.c.obj)
                0x0000000000007e2c                z_nrf_rtc_timer_compare_evt_address_get
 .text.z_nrf_rtc_timer_abort
                0x0000000000007e3c       0x60 zephyr/drivers/timer/libdrivers__timer.a(nrf_rtc_timer.c.obj)
                0x0000000000007e3c                z_nrf_rtc_timer_abort
 .text.z_nrf_rtc_timer_read
                0x0000000000007e9c       0x44 zephyr/drivers/timer/libdrivers__timer.a(nrf_rtc_timer.c.obj)
                0x0000000000007e9c                z_nrf_rtc_timer_read
 .text.compare_set
                0x0000000000007ee0      0x12c zephyr/drivers/timer/libdrivers__timer.a(nrf_rtc_timer.c.obj)
 .text.sys_clock_driver_init
                0x000000000000800c       0xa0 zephyr/drivers/timer/libdrivers__timer.a(nrf_rtc_timer.c.obj)
 .text.rtc_nrf_isr
                0x00000000000080ac      0x100 zephyr/drivers/timer/libdrivers__timer.a(nrf_rtc_timer.c.obj)
                0x00000000000080ac                rtc_nrf_isr
 .text.z_nrf_rtc_timer_chan_alloc
                0x00000000000081ac       0x44 zephyr/drivers/timer/libdrivers__timer.a(nrf_rtc_timer.c.obj)
                0x00000000000081ac                z_nrf_rtc_timer_chan_alloc
 .text.sys_clock_set_timeout
                0x00000000000081f0       0x64 zephyr/drivers/timer/libdrivers__timer.a(nrf_rtc_timer.c.obj)
                0x00000000000081f0                sys_clock_set_timeout
 .text.sys_clock_elapsed
                0x0000000000008254       0x14 zephyr/drivers/timer/libdrivers__timer.a(nrf_rtc_timer.c.obj)
                0x0000000000008254                sys_clock_elapsed
 .text.pinctrl_configure_pins
                0x0000000000008268      0x174 zephyr/drivers/pinctrl/libdrivers__pinctrl.a(pinctrl_nrf.c.obj)
                0x0000000000008268                pinctrl_configure_pins
 .text.multithreading_lock_acquire
                0x00000000000083dc       0x10 modules/nrf/lib/multithreading_lock/lib..__nrf__lib__multithreading_lock.a(multithreading_lock.c.obj)
                0x00000000000083dc                multithreading_lock_acquire
 .text.multithreading_lock_release
                0x00000000000083ec        0xc modules/nrf/lib/multithreading_lock/lib..__nrf__lib__multithreading_lock.a(multithreading_lock.c.obj)
                0x00000000000083ec                multithreading_lock_release
 .text.k_sys_fatal_error_handler
                0x00000000000083f8       0x2c modules/nrf/lib/fatal_error/lib..__nrf__lib__fatal_error.a(fatal_error.c.obj)
                0x00000000000083f8                k_sys_fatal_error_handler
 .text.mpsl_low_prio_irq_handler
                0x0000000000008424       0x10 modules/nrf/subsys/mpsl/init/lib..__nrf__subsys__mpsl__init.a(mpsl_init.c.obj)
 .text.mpsl_lib_init_sys
                0x0000000000008434       0x50 modules/nrf/subsys/mpsl/init/lib..__nrf__subsys__mpsl__init.a(mpsl_init.c.obj)
 .text.m_assert_handler
                0x0000000000008484       0x48 modules/nrf/subsys/mpsl/init/lib..__nrf__subsys__mpsl__init.a(mpsl_init.c.obj)
 .text.mpsl_low_prio_init
                0x00000000000084cc       0x4c modules/nrf/subsys/mpsl/init/lib..__nrf__subsys__mpsl__init.a(mpsl_init.c.obj)
 .text.mpsl_hfclk_callback
                0x0000000000008518        0xc modules/nrf/drivers/mpsl/clock_control/lib..__nrf__drivers__mpsl__clock_control.a(nrfx_clock_mpsl.c.obj)
 .text.nrfx_clock_start
                0x0000000000008524       0x20 modules/nrf/drivers/mpsl/clock_control/lib..__nrf__drivers__mpsl__clock_control.a(nrfx_clock_mpsl.c.obj)
                0x0000000000008524                nrfx_clock_start
 .text.nrfx_clock_init
                0x0000000000008544       0x10 modules/nrf/drivers/mpsl/clock_control/lib..__nrf__drivers__mpsl__clock_control.a(nrfx_clock_mpsl.c.obj)
                0x0000000000008544                nrfx_clock_init
 .text.temp_nrf5_mpsl_channel_get
                0x0000000000008554       0x38 modules/nrf/drivers/mpsl/temp_nrf5/lib..__nrf__drivers__mpsl__temp_nrf5.a(temp_nrf5_mpsl.c.obj)
 .text.nrf_802154_random_init
                0x000000000000858c       0x24 modules/hal_nordic/nrf_802154/libnrf-802154-platform.a(nrf_802154_random_zephyr.c.obj)
                0x000000000000858c                nrf_802154_random_init
 .text.nrf_802154_random_get
                0x00000000000085b0       0x1c modules/hal_nordic/nrf_802154/libnrf-802154-platform.a(nrf_802154_random_zephyr.c.obj)
                0x00000000000085b0                nrf_802154_random_get
 .text.nrf_802154_clock_hfclk_start
                0x00000000000085cc       0x28 modules/hal_nordic/nrf_802154/libnrf-802154-platform.a(nrf_802154_clock_zephyr.c.obj)
                0x00000000000085cc                nrf_802154_clock_hfclk_start
 .text.nrf_802154_clock_hfclk_stop
                0x00000000000085f4       0x2c modules/hal_nordic/nrf_802154/libnrf-802154-platform.a(nrf_802154_clock_zephyr.c.obj)
                0x00000000000085f4                nrf_802154_clock_hfclk_stop
 .text.hfclk_on_callback
                0x0000000000008620       0x14 modules/hal_nordic/nrf_802154/libnrf-802154-platform.a(nrf_802154_clock_zephyr.c.obj)
 .text.nrf_802154_irq_set_pending
                0x0000000000008634       0x20 modules/hal_nordic/nrf_802154/libnrf-802154-platform.a(nrf_802154_irq_zephyr.c.obj)
                0x0000000000008634                nrf_802154_irq_set_pending
 .text.nrf_802154_irq_clear_pending
                0x0000000000008654       0x20 modules/hal_nordic/nrf_802154/libnrf-802154-platform.a(nrf_802154_irq_zephyr.c.obj)
                0x0000000000008654                nrf_802154_irq_clear_pending
 .text.nrf_802154_irq_priority_get
                0x0000000000008674       0x24 modules/hal_nordic/nrf_802154/libnrf-802154-platform.a(nrf_802154_irq_zephyr.c.obj)
                0x0000000000008674                nrf_802154_irq_priority_get
 .text.temperature_update_init
                0x0000000000008698       0x24 modules/hal_nordic/nrf_802154/libnrf-802154-platform.a(nrf_802154_temperature_zephyr.c.obj)
 .text.work_handler
                0x00000000000086bc       0x4c modules/hal_nordic/nrf_802154/libnrf-802154-platform.a(nrf_802154_temperature_zephyr.c.obj)
 .text.nrf_802154_temperature_get
                0x0000000000008708        0xc modules/hal_nordic/nrf_802154/libnrf-802154-platform.a(nrf_802154_temperature_zephyr.c.obj)
                0x0000000000008708                nrf_802154_temperature_get
 .text.nrf_802154_hp_timer_init
                0x0000000000008714       0x28 modules/hal_nordic/nrf_802154/libnrf-802154-platform.a(nrf_802154_hp_timer.c.obj)
                0x0000000000008714                nrf_802154_hp_timer_init
 .text.nrf_802154_hp_timer_start
                0x000000000000873c        0xc modules/hal_nordic/nrf_802154/libnrf-802154-platform.a(nrf_802154_hp_timer.c.obj)
                0x000000000000873c                nrf_802154_hp_timer_start
 .text.nrf_802154_hp_timer_stop
                0x0000000000008748        0xc modules/hal_nordic/nrf_802154/libnrf-802154-platform.a(nrf_802154_hp_timer.c.obj)
                0x0000000000008748                nrf_802154_hp_timer_stop
 .text.nrf_802154_hp_timer_sync_task_get
                0x0000000000008754        0x8 modules/hal_nordic/nrf_802154/libnrf-802154-platform.a(nrf_802154_hp_timer.c.obj)
                0x0000000000008754                nrf_802154_hp_timer_sync_task_get
 .text.nrf_802154_hp_timer_sync_prepare
                0x000000000000875c       0x20 modules/hal_nordic/nrf_802154/libnrf-802154-platform.a(nrf_802154_hp_timer.c.obj)
                0x000000000000875c                nrf_802154_hp_timer_sync_prepare
 .text.nrf_802154_hp_timer_sync_time_get
                0x000000000000877c       0x20 modules/hal_nordic/nrf_802154/libnrf-802154-platform.a(nrf_802154_hp_timer.c.obj)
                0x000000000000877c                nrf_802154_hp_timer_sync_time_get
 .text.nrf_802154_hp_timer_timestamp_task_get
                0x000000000000879c        0x8 modules/hal_nordic/nrf_802154/libnrf-802154-platform.a(nrf_802154_hp_timer.c.obj)
                0x000000000000879c                nrf_802154_hp_timer_timestamp_task_get
 .text.nrf_802154_hp_timer_timestamp_get
                0x00000000000087a4        0xc modules/hal_nordic/nrf_802154/libnrf-802154-platform.a(nrf_802154_hp_timer.c.obj)
                0x00000000000087a4                nrf_802154_hp_timer_timestamp_get
 .text.nrf_802154_hp_timer_current_time_get
                0x00000000000087b0       0x10 modules/hal_nordic/nrf_802154/libnrf-802154-platform.a(nrf_802154_hp_timer.c.obj)
                0x00000000000087b0                nrf_802154_hp_timer_current_time_get
 .text.sync_timer_handler
                0x00000000000087c0       0x14 modules/hal_nordic/nrf_802154/libnrf-802154-platform.a(nrf_802154_platform_sl_lptimer_zephyr.c.obj)
                0x00000000000087c0                sync_timer_handler
 .text.nrf_802154_platform_sl_lp_timer_init
                0x00000000000087d4       0x3c modules/hal_nordic/nrf_802154/libnrf-802154-platform.a(nrf_802154_platform_sl_lptimer_zephyr.c.obj)
                0x00000000000087d4                nrf_802154_platform_sl_lp_timer_init
 .text.nrf_802154_platform_sl_lptimer_schedule_at
                0x0000000000008810       0x10 modules/hal_nordic/nrf_802154/libnrf-802154-platform.a(nrf_802154_platform_sl_lptimer_zephyr.c.obj)
                0x0000000000008810                nrf_802154_platform_sl_lptimer_schedule_at
 .text.nrf_802154_platform_sl_lptimer_disable
                0x0000000000008820        0xc modules/hal_nordic/nrf_802154/libnrf-802154-platform.a(nrf_802154_platform_sl_lptimer_zephyr.c.obj)
                0x0000000000008820                nrf_802154_platform_sl_lptimer_disable
 .text.nrf_802154_platform_sl_lptimer_critical_section_enter
                0x000000000000882c       0x38 modules/hal_nordic/nrf_802154/libnrf-802154-platform.a(nrf_802154_platform_sl_lptimer_zephyr.c.obj)
                0x000000000000882c                nrf_802154_platform_sl_lptimer_critical_section_enter
 .text.nrf_802154_platform_sl_lptimer_critical_section_exit
                0x0000000000008864       0x40 modules/hal_nordic/nrf_802154/libnrf-802154-platform.a(nrf_802154_platform_sl_lptimer_zephyr.c.obj)
                0x0000000000008864                nrf_802154_platform_sl_lptimer_critical_section_exit
 .text.nrf_802154_platform_sl_lptimer_sync_schedule_now
                0x00000000000088a4       0x1c modules/hal_nordic/nrf_802154/libnrf-802154-platform.a(nrf_802154_platform_sl_lptimer_zephyr.c.obj)
                0x00000000000088a4                nrf_802154_platform_sl_lptimer_sync_schedule_now
 .text.nrf_802154_platform_sl_lptimer_sync_schedule_at
                0x00000000000088c0       0x10 modules/hal_nordic/nrf_802154/libnrf-802154-platform.a(nrf_802154_platform_sl_lptimer_zephyr.c.obj)
                0x00000000000088c0                nrf_802154_platform_sl_lptimer_sync_schedule_at
 .text.nrf_802154_platform_sl_lptimer_sync_abort
                0x00000000000088d0        0xc modules/hal_nordic/nrf_802154/libnrf-802154-platform.a(nrf_802154_platform_sl_lptimer_zephyr.c.obj)
                0x00000000000088d0                nrf_802154_platform_sl_lptimer_sync_abort
 .text.nrf_802154_platform_sl_lptimer_sync_event_get
                0x00000000000088dc        0xc modules/hal_nordic/nrf_802154/libnrf-802154-platform.a(nrf_802154_platform_sl_lptimer_zephyr.c.obj)
                0x00000000000088dc                nrf_802154_platform_sl_lptimer_sync_event_get
 .text.nrf_802154_platform_sl_lptimer_sync_lpticks_get
                0x00000000000088e8        0xc modules/hal_nordic/nrf_802154/libnrf-802154-platform.a(nrf_802154_platform_sl_lptimer_zephyr.c.obj)
                0x00000000000088e8                nrf_802154_platform_sl_lptimer_sync_lpticks_get
 .text.nrf_802154_init
                0x00000000000088f4       0x5c modules/nrfxlib/nrf_802154/nrf_802154/driver/libnrf-802154-driver.a(nrf_802154.c.obj)
                0x00000000000088f4                nrf_802154_init
 .text.rx_buffer_is_available
                0x0000000000008950       0x14 modules/nrfxlib/nrf_802154/nrf_802154/driver/libnrf-802154-driver.a(nrf_802154_core.c.obj)
 .text.rx_buffer_get
                0x0000000000008964       0x14 modules/nrfxlib/nrf_802154/nrf_802154/driver/libnrf-802154-driver.a(nrf_802154_core.c.obj)
 .text.min_required_rsch_prio
                0x0000000000008978       0x38 modules/nrfxlib/nrf_802154/nrf_802154/driver/libnrf-802154-driver.a(nrf_802154_core.c.obj)
 .text.are_preconditions_met
                0x00000000000089b0       0x24 modules/nrfxlib/nrf_802154/nrf_802154/driver/libnrf-802154-driver.a(nrf_802154_core.c.obj)
 .text.update_total_times_on_receive_end
                0x00000000000089d4       0x48 modules/nrfxlib/nrf_802154/nrf_802154/driver/libnrf-802154-driver.a(nrf_802154_core.c.obj)
 .text.sleep_init
                0x0000000000008a1c       0x10 modules/nrfxlib/nrf_802154/nrf_802154/driver/libnrf-802154-driver.a(nrf_802154_core.c.obj)
 .text.receive_failed_notify
                0x0000000000008a2c       0x20 modules/nrfxlib/nrf_802154/nrf_802154/driver/libnrf-802154-driver.a(nrf_802154_core.c.obj)
 .text.received_frame_notify_and_nesting_allow
                0x0000000000008a4c       0x28 modules/nrfxlib/nrf_802154/nrf_802154/driver/libnrf-802154-driver.a(nrf_802154_core.c.obj)
 .text.state_set
                0x0000000000008a74        0xc modules/nrfxlib/nrf_802154/nrf_802154/driver/libnrf-802154-driver.a(nrf_802154_core.c.obj)
 .text.transmit_failed_notify_and_nesting_allow
                0x0000000000008a80       0x24 modules/nrfxlib/nrf_802154/nrf_802154/driver/libnrf-802154-driver.a(nrf_802154_core.c.obj)
 .text.rx_data_clear
                0x0000000000008aa4       0x18 modules/nrfxlib/nrf_802154/nrf_802154/driver/libnrf-802154-driver.a(nrf_802154_core.c.obj)
 .text.tx_init  0x0000000000008abc       0x80 modules/nrfxlib/nrf_802154/nrf_802154/driver/libnrf-802154-driver.a(nrf_802154_core.c.obj)
 .text.critical_section_can_be_processed_now
                0x0000000000008b3c       0x20 modules/nrfxlib/nrf_802154/nrf_802154/driver/libnrf-802154-driver.a(nrf_802154_core.c.obj)
 .text.on_rx_prestarted_timeout
                0x0000000000008b5c       0x54 modules/nrfxlib/nrf_802154/nrf_802154/driver/libnrf-802154-driver.a(nrf_802154_core.c.obj)
 .text.transmitted_frame_notify
                0x0000000000008bb0       0x5c modules/nrfxlib/nrf_802154/nrf_802154/driver/libnrf-802154-driver.a(nrf_802154_core.c.obj)
 .text.operation_terminated_update_total_times
                0x0000000000008c0c       0x34 modules/nrfxlib/nrf_802154/nrf_802154/driver/libnrf-802154-driver.a(nrf_802154_core.c.obj)
 .text.rx_init  0x0000000000008c40       0x8c modules/nrfxlib/nrf_802154/nrf_802154/driver/libnrf-802154-driver.a(nrf_802154_core.c.obj)
 .text.on_bad_ack
                0x0000000000008ccc       0x34 modules/nrfxlib/nrf_802154/nrf_802154/driver/libnrf-802154-driver.a(nrf_802154_core.c.obj)
 .text.cca_init
                0x0000000000008d00       0x24 modules/nrfxlib/nrf_802154/nrf_802154/driver/libnrf-802154-driver.a(nrf_802154_core.c.obj)
 .text.continuous_carrier_init
                0x0000000000008d24       0x30 modules/nrfxlib/nrf_802154/nrf_802154/driver/libnrf-802154-driver.a(nrf_802154_core.c.obj)
 .text.modulated_carrier_init
                0x0000000000008d54       0x30 modules/nrfxlib/nrf_802154/nrf_802154/driver/libnrf-802154-driver.a(nrf_802154_core.c.obj)
 .text.ed_init  0x0000000000008d84       0x50 modules/nrfxlib/nrf_802154/nrf_802154/driver/libnrf-802154-driver.a(nrf_802154_core.c.obj)
 .text.on_preconditions_approved
                0x0000000000008dd4       0x60 modules/nrfxlib/nrf_802154/nrf_802154/driver/libnrf-802154-driver.a(nrf_802154_core.c.obj)
 .text.operation_terminated_notify
                0x0000000000008e34       0xa8 modules/nrfxlib/nrf_802154/nrf_802154/driver/libnrf-802154-driver.a(nrf_802154_core.c.obj)
 .text.current_operation_terminate
                0x0000000000008edc       0x90 modules/nrfxlib/nrf_802154/nrf_802154/driver/libnrf-802154-driver.a(nrf_802154_core.c.obj)
 .text.nrf_802154_rsch_crit_sect_prio_changed
                0x0000000000008f6c      0x1d8 modules/nrfxlib/nrf_802154/nrf_802154/driver/libnrf-802154-driver.a(nrf_802154_core.c.obj)
                0x0000000000008f6c                nrf_802154_rsch_crit_sect_prio_changed
 .text.nrf_802154_trx_receive_frame_prestarted
                0x0000000000009144       0x80 modules/nrfxlib/nrf_802154/nrf_802154/driver/libnrf-802154-driver.a(nrf_802154_core.c.obj)
                0x0000000000009144                nrf_802154_trx_receive_frame_prestarted
 .text.nrf_802154_trx_receive_frame_started
                0x00000000000091c4       0x60 modules/nrfxlib/nrf_802154/nrf_802154/driver/libnrf-802154-driver.a(nrf_802154_core.c.obj)
                0x00000000000091c4                nrf_802154_trx_receive_frame_started
 .text.nrf_802154_trx_receive_frame_bcmatched
                0x0000000000009224      0x16c modules/nrfxlib/nrf_802154/nrf_802154/driver/libnrf-802154-driver.a(nrf_802154_core.c.obj)
                0x0000000000009224                nrf_802154_trx_receive_frame_bcmatched
 .text.nrf_802154_stat_totals_get_notify
                0x0000000000009390       0x54 modules/nrfxlib/nrf_802154/nrf_802154/driver/libnrf-802154-driver.a(nrf_802154_core.c.obj)
                0x0000000000009390                nrf_802154_stat_totals_get_notify
 .text.nrf_802154_trx_receive_frame_crcerror
                0x00000000000093e4       0x78 modules/nrfxlib/nrf_802154/nrf_802154/driver/libnrf-802154-driver.a(nrf_802154_core.c.obj)
                0x00000000000093e4                nrf_802154_trx_receive_frame_crcerror
 .text.nrf_802154_trx_receive_ack_crcerror
                0x000000000000945c       0x28 modules/nrfxlib/nrf_802154/nrf_802154/driver/libnrf-802154-driver.a(nrf_802154_core.c.obj)
                0x000000000000945c                nrf_802154_trx_receive_ack_crcerror
 .text.nrf_802154_trx_receive_frame_received
                0x0000000000009484      0x190 modules/nrfxlib/nrf_802154/nrf_802154/driver/libnrf-802154-driver.a(nrf_802154_core.c.obj)
                0x0000000000009484                nrf_802154_trx_receive_frame_received
 .text.nrf_802154_trx_transmit_frame_started
                0x0000000000009614       0x20 modules/nrfxlib/nrf_802154/nrf_802154/driver/libnrf-802154-driver.a(nrf_802154_core.c.obj)
                0x0000000000009614                nrf_802154_trx_transmit_frame_started
 .text.nrf_802154_trx_transmit_ack_started
                0x0000000000009634       0x18 modules/nrfxlib/nrf_802154/nrf_802154/driver/libnrf-802154-driver.a(nrf_802154_core.c.obj)
                0x0000000000009634                nrf_802154_trx_transmit_ack_started
 .text.nrf_802154_trx_transmit_ack_transmitted
                0x000000000000964c       0x50 modules/nrfxlib/nrf_802154/nrf_802154/driver/libnrf-802154-driver.a(nrf_802154_core.c.obj)
                0x000000000000964c                nrf_802154_trx_transmit_ack_transmitted
 .text.nrf_802154_trx_transmit_frame_transmitted
                0x000000000000969c      0x11c modules/nrfxlib/nrf_802154/nrf_802154/driver/libnrf-802154-driver.a(nrf_802154_core.c.obj)
                0x000000000000969c                nrf_802154_trx_transmit_frame_transmitted
 .text.nrf_802154_trx_receive_ack_received
                0x00000000000097b8      0x114 modules/nrfxlib/nrf_802154/nrf_802154/driver/libnrf-802154-driver.a(nrf_802154_core.c.obj)
                0x00000000000097b8                nrf_802154_trx_receive_ack_received
 .text.nrf_802154_trx_transmit_frame_ccaidle
                0x00000000000098cc       0x48 modules/nrfxlib/nrf_802154/nrf_802154/driver/libnrf-802154-driver.a(nrf_802154_core.c.obj)
                0x00000000000098cc                nrf_802154_trx_transmit_frame_ccaidle
 .text.nrf_802154_trx_transmit_frame_ccabusy
                0x0000000000009914       0x68 modules/nrfxlib/nrf_802154/nrf_802154/driver/libnrf-802154-driver.a(nrf_802154_core.c.obj)
                0x0000000000009914                nrf_802154_trx_transmit_frame_ccabusy
 .text.nrf_802154_trx_energy_detection_finished
                0x000000000000997c       0x88 modules/nrfxlib/nrf_802154/nrf_802154/driver/libnrf-802154-driver.a(nrf_802154_core.c.obj)
                0x000000000000997c                nrf_802154_trx_energy_detection_finished
 .text.nrf_802154_core_init
                0x0000000000009a04       0x34 modules/nrfxlib/nrf_802154/nrf_802154/driver/libnrf-802154-driver.a(nrf_802154_core.c.obj)
                0x0000000000009a04                nrf_802154_core_init
 .text.nrf_802154_core_sleep
                0x0000000000009a38       0x58 modules/nrfxlib/nrf_802154/nrf_802154/driver/libnrf-802154-driver.a(nrf_802154_core.c.obj)
                0x0000000000009a38                nrf_802154_core_sleep
 .text.nrf_802154_core_receive
                0x0000000000009a90       0x80 modules/nrfxlib/nrf_802154/nrf_802154/driver/libnrf-802154-driver.a(nrf_802154_core.c.obj)
                0x0000000000009a90                nrf_802154_core_receive
 .text.nrf_802154_core_transmit
                0x0000000000009b10       0xf4 modules/nrfxlib/nrf_802154/nrf_802154/driver/libnrf-802154-driver.a(nrf_802154_core.c.obj)
                0x0000000000009b10                nrf_802154_core_transmit
 .text.nrf_802154_core_energy_detection
                0x0000000000009c04       0x48 modules/nrfxlib/nrf_802154/nrf_802154/driver/libnrf-802154-driver.a(nrf_802154_core.c.obj)
                0x0000000000009c04                nrf_802154_core_energy_detection
 .text.nrf_802154_core_modulated_carrier
                0x0000000000009c4c       0x38 modules/nrfxlib/nrf_802154/nrf_802154/driver/libnrf-802154-driver.a(nrf_802154_core.c.obj)
                0x0000000000009c4c                nrf_802154_core_modulated_carrier
 .text.nrf_802154_core_notify_buffer_free
                0x0000000000009c84       0x38 modules/nrfxlib/nrf_802154/nrf_802154/driver/libnrf-802154-driver.a(nrf_802154_core.c.obj)
                0x0000000000009c84                nrf_802154_core_notify_buffer_free
 .text.nrf_802154_core_channel_update
                0x0000000000009cbc       0x64 modules/nrfxlib/nrf_802154/nrf_802154/driver/libnrf-802154-driver.a(nrf_802154_core.c.obj)
                0x0000000000009cbc                nrf_802154_core_channel_update
 .text.nrf_802154_core_cca_cfg_update
                0x0000000000009d20       0x20 modules/nrfxlib/nrf_802154/nrf_802154/driver/libnrf-802154-driver.a(nrf_802154_core.c.obj)
                0x0000000000009d20                nrf_802154_core_cca_cfg_update
 .text.nrf_802154_core_rssi_measure
                0x0000000000009d40       0x38 modules/nrfxlib/nrf_802154/nrf_802154/driver/libnrf-802154-driver.a(nrf_802154_core.c.obj)
                0x0000000000009d40                nrf_802154_core_rssi_measure
 .text.nrf_802154_core_last_rssi_measurement_get
                0x0000000000009d78       0x44 modules/nrfxlib/nrf_802154/nrf_802154/driver/libnrf-802154-driver.a(nrf_802154_core.c.obj)
                0x0000000000009d78                nrf_802154_core_last_rssi_measurement_get
 .text.nrf_802154_core_antenna_update
                0x0000000000009dbc       0x20 modules/nrfxlib/nrf_802154/nrf_802154/driver/libnrf-802154-driver.a(nrf_802154_core.c.obj)
                0x0000000000009dbc                nrf_802154_core_antenna_update
 .text.nrf_802154_core_hooks_terminate
                0x0000000000009ddc       0x28 modules/nrfxlib/nrf_802154/nrf_802154/driver/libnrf-802154-driver.a(nrf_802154_core_hooks.c.obj)
                0x0000000000009ddc                nrf_802154_core_hooks_terminate
 .text.nrf_802154_core_hooks_tx_failed
                0x0000000000009e04       0x28 modules/nrfxlib/nrf_802154/nrf_802154/driver/libnrf-802154-driver.a(nrf_802154_core_hooks.c.obj)
                0x0000000000009e04                nrf_802154_core_hooks_tx_failed
 .text.nrf_802154_core_hooks_tx_started
                0x0000000000009e2c       0x24 modules/nrfxlib/nrf_802154/nrf_802154/driver/libnrf-802154-driver.a(nrf_802154_core_hooks.c.obj)
                0x0000000000009e2c                nrf_802154_core_hooks_tx_started
 .text.nrf_802154_critical_section_init
                0x0000000000009e50       0x18 modules/nrfxlib/nrf_802154/nrf_802154/driver/libnrf-802154-driver.a(nrf_802154_critical_section.c.obj)
                0x0000000000009e50                nrf_802154_critical_section_init
 .text.nrf_802154_critical_section_exit
                0x0000000000009e68       0x44 modules/nrfxlib/nrf_802154/nrf_802154/driver/libnrf-802154-driver.a(nrf_802154_critical_section.c.obj)
                0x0000000000009e68                nrf_802154_critical_section_exit
 .text.nrf_802154_critical_section_nesting_deny
                0x0000000000009eac        0xc modules/nrfxlib/nrf_802154/nrf_802154/driver/libnrf-802154-driver.a(nrf_802154_critical_section.c.obj)
                0x0000000000009eac                nrf_802154_critical_section_nesting_deny
 .text.nrf_802154_critical_section_active_vector_priority_get
                0x0000000000009eb8       0x1c modules/nrfxlib/nrf_802154/nrf_802154/driver/libnrf-802154-driver.a(nrf_802154_critical_section.c.obj)
                0x0000000000009eb8                nrf_802154_critical_section_active_vector_priority_get
 .text.critical_section_enter
                0x0000000000009ed4       0x60 modules/nrfxlib/nrf_802154/nrf_802154/driver/libnrf-802154-driver.a(nrf_802154_critical_section.c.obj)
 .text.nrf_802154_critical_section_nesting_allow
                0x0000000000009f34       0x18 modules/nrfxlib/nrf_802154/nrf_802154/driver/libnrf-802154-driver.a(nrf_802154_critical_section.c.obj)
                0x0000000000009f34                nrf_802154_critical_section_nesting_allow
 .text.nrf_802154_pib_init
                0x0000000000009f4c       0x54 modules/nrfxlib/nrf_802154/nrf_802154/driver/libnrf-802154-driver.a(nrf_802154_pib.c.obj)
                0x0000000000009f4c                nrf_802154_pib_init
 .text.nrf_802154_pib_promiscuous_get
                0x0000000000009fa0       0x10 modules/nrfxlib/nrf_802154/nrf_802154/driver/libnrf-802154-driver.a(nrf_802154_pib.c.obj)
                0x0000000000009fa0                nrf_802154_pib_promiscuous_get
 .text.nrf_802154_pib_auto_ack_get
                0x0000000000009fb0       0x10 modules/nrfxlib/nrf_802154/nrf_802154/driver/libnrf-802154-driver.a(nrf_802154_pib.c.obj)
                0x0000000000009fb0                nrf_802154_pib_auto_ack_get
 .text.nrf_802154_pib_auto_ack_set
                0x0000000000009fc0       0x10 modules/nrfxlib/nrf_802154/nrf_802154/driver/libnrf-802154-driver.a(nrf_802154_pib.c.obj)
                0x0000000000009fc0                nrf_802154_pib_auto_ack_set
 .text.nrf_802154_pib_pan_coord_get
                0x0000000000009fd0       0x10 modules/nrfxlib/nrf_802154/nrf_802154/driver/libnrf-802154-driver.a(nrf_802154_pib.c.obj)
                0x0000000000009fd0                nrf_802154_pib_pan_coord_get
 .text.nrf_802154_pib_channel_get
                0x0000000000009fe0        0xc modules/nrfxlib/nrf_802154/nrf_802154/driver/libnrf-802154-driver.a(nrf_802154_pib.c.obj)
                0x0000000000009fe0                nrf_802154_pib_channel_get
 .text.nrf_802154_pib_channel_set
                0x0000000000009fec       0x10 modules/nrfxlib/nrf_802154/nrf_802154/driver/libnrf-802154-driver.a(nrf_802154_pib.c.obj)
                0x0000000000009fec                nrf_802154_pib_channel_set
 .text.nrf_802154_pib_tx_power_get
                0x0000000000009ffc        0xc modules/nrfxlib/nrf_802154/nrf_802154/driver/libnrf-802154-driver.a(nrf_802154_pib.c.obj)
                0x0000000000009ffc                nrf_802154_pib_tx_power_get
 .text.nrf_802154_pib_pan_id_get
                0x000000000000a008        0x8 modules/nrfxlib/nrf_802154/nrf_802154/driver/libnrf-802154-driver.a(nrf_802154_pib.c.obj)
                0x000000000000a008                nrf_802154_pib_pan_id_get
 .text.nrf_802154_pib_pan_id_set
                0x000000000000a010       0x10 modules/nrfxlib/nrf_802154/nrf_802154/driver/libnrf-802154-driver.a(nrf_802154_pib.c.obj)
                0x000000000000a010                nrf_802154_pib_pan_id_set
 .text.nrf_802154_pib_extended_address_get
                0x000000000000a020        0x8 modules/nrfxlib/nrf_802154/nrf_802154/driver/libnrf-802154-driver.a(nrf_802154_pib.c.obj)
                0x000000000000a020                nrf_802154_pib_extended_address_get
 .text.nrf_802154_pib_short_address_get
                0x000000000000a028        0x8 modules/nrfxlib/nrf_802154/nrf_802154/driver/libnrf-802154-driver.a(nrf_802154_pib.c.obj)
                0x000000000000a028                nrf_802154_pib_short_address_get
 .text.nrf_802154_pib_short_address_set
                0x000000000000a030       0x10 modules/nrfxlib/nrf_802154/nrf_802154/driver/libnrf-802154-driver.a(nrf_802154_pib.c.obj)
                0x000000000000a030                nrf_802154_pib_short_address_set
 .text.nrf_802154_pib_cca_cfg_get
                0x000000000000a040        0xc modules/nrfxlib/nrf_802154/nrf_802154/driver/libnrf-802154-driver.a(nrf_802154_pib.c.obj)
                0x000000000000a040                nrf_802154_pib_cca_cfg_get
 .text.nrf_802154_pib_coex_rx_request_mode_get
                0x000000000000a04c        0xc modules/nrfxlib/nrf_802154/nrf_802154/driver/libnrf-802154-driver.a(nrf_802154_pib.c.obj)
                0x000000000000a04c                nrf_802154_pib_coex_rx_request_mode_get
 .text.nrf_802154_pib_coex_tx_request_mode_get
                0x000000000000a058        0xc modules/nrfxlib/nrf_802154/nrf_802154/driver/libnrf-802154-driver.a(nrf_802154_pib.c.obj)
                0x000000000000a058                nrf_802154_pib_coex_tx_request_mode_get
 .text.nrf_802154_pib_csmaca_min_be_get
                0x000000000000a064        0xc modules/nrfxlib/nrf_802154/nrf_802154/driver/libnrf-802154-driver.a(nrf_802154_pib.c.obj)
                0x000000000000a064                nrf_802154_pib_csmaca_min_be_get
 .text.nrf_802154_pib_csmaca_max_be_get
                0x000000000000a070        0xc modules/nrfxlib/nrf_802154/nrf_802154/driver/libnrf-802154-driver.a(nrf_802154_pib.c.obj)
                0x000000000000a070                nrf_802154_pib_csmaca_max_be_get
 .text.nrf_802154_pib_csmaca_max_backoffs_get
                0x000000000000a07c        0xc modules/nrfxlib/nrf_802154/nrf_802154/driver/libnrf-802154-driver.a(nrf_802154_pib.c.obj)
                0x000000000000a07c                nrf_802154_pib_csmaca_max_backoffs_get
 .text.nrf_802154_pib_ifs_mode_get
                0x000000000000a088        0xc modules/nrfxlib/nrf_802154/nrf_802154/driver/libnrf-802154-driver.a(nrf_802154_pib.c.obj)
                0x000000000000a088                nrf_802154_pib_ifs_mode_get
 .text.nrf_802154_pib_ifs_min_sifs_period_get
                0x000000000000a094        0xc modules/nrfxlib/nrf_802154/nrf_802154/driver/libnrf-802154-driver.a(nrf_802154_pib.c.obj)
                0x000000000000a094                nrf_802154_pib_ifs_min_sifs_period_get
 .text.nrf_802154_pib_ifs_min_lifs_period_get
                0x000000000000a0a0        0xc modules/nrfxlib/nrf_802154/nrf_802154/driver/libnrf-802154-driver.a(nrf_802154_pib.c.obj)
                0x000000000000a0a0                nrf_802154_pib_ifs_min_lifs_period_get
 .text.nrf_802154_rx_buffer_init
                0x000000000000a0ac       0x1c modules/nrfxlib/nrf_802154/nrf_802154/driver/libnrf-802154-driver.a(nrf_802154_rx_buffer.c.obj)
                0x000000000000a0ac                nrf_802154_rx_buffer_init
 .text.nrf_802154_rx_buffer_free_find
                0x000000000000a0c8       0x24 modules/nrfxlib/nrf_802154/nrf_802154/driver/libnrf-802154-driver.a(nrf_802154_rx_buffer.c.obj)
                0x000000000000a0c8                nrf_802154_rx_buffer_free_find
 .text.nrf_802154_stat_totals_get
                0x000000000000a0ec       0x2c modules/nrfxlib/nrf_802154/nrf_802154/driver/libnrf-802154-driver.a(nrf_802154_stats.c.obj)
                0x000000000000a0ec                nrf_802154_stat_totals_get
 .text.nrf_802154_swi_init
                0x000000000000a118       0x28 modules/nrfxlib/nrf_802154/nrf_802154/driver/libnrf-802154-driver.a(nrf_802154_swi.c.obj)